Archive member included to satisfy reference by file (symbol)

C:/Program Files/SEGGER/SEGGER Embedded Studio for ARM 5.20a/lib/libc_v7em_fpv4_sp_d16_hard_t_le_eabi.a(libc_asm.o)
                              Output/Release/Obj/ble_app_uart_c_pca10056_s140/bsp.o (__aeabi_uldivmod)
C:/Program Files/SEGGER/SEGGER Embedded Studio for ARM 5.20a/lib/libc_v7em_fpv4_sp_d16_hard_t_le_eabi.a(libc2.o)
                              Output/Release/Obj/ble_app_uart_c_pca10056_s140/nrf_log_str_formatter.o (isprint)
C:/Program Files/SEGGER/SEGGER Embedded Studio for ARM 5.20a/lib/libc_v7em_fpv4_sp_d16_hard_t_le_eabi.a(libc2_asm.o)
                              Output/Release/Obj/ble_app_uart_c_pca10056_s140/nrf_log_frontend.o (memcpy)
C:/Program Files/SEGGER/SEGGER Embedded Studio for ARM 5.20a/lib/libc_v7em_fpv4_sp_d16_hard_t_le_eabi.a(libvfprintf.o)
                              (__vfprintf_long)
C:/Program Files/SEGGER/SEGGER Embedded Studio for ARM 5.20a/lib/libc_v7em_fpv4_sp_d16_hard_t_le_eabi.a(libvfscanf.o)
                              (__vfscanf_long)
C:/Program Files/SEGGER/SEGGER Embedded Studio for ARM 5.20a/lib/libc_v7em_fpv4_sp_d16_hard_t_le_eabi.a(libc.o)
                              C:/Program Files/SEGGER/SEGGER Embedded Studio for ARM 5.20a/lib/libc_v7em_fpv4_sp_d16_hard_t_le_eabi.a(libc2.o) (__heap_lock)
C:/Program Files/SEGGER/SEGGER Embedded Studio for ARM 5.20a/lib/libdebugio_v7em_fpv4_sp_d16_hard_t_le_eabi.a(libdebugio.o)
                              Output/Release/Obj/ble_app_uart_c_pca10056_s140/thumb_crt0.o (debug_fopen)
C:/Program Files/SEGGER/SEGGER Embedded Studio for ARM 5.20a/lib/libdebugio_v7em_fpv4_sp_d16_hard_t_le_eabi.a(do_nv_debug_operation.o)
                              C:/Program Files/SEGGER/SEGGER Embedded Studio for ARM 5.20a/lib/libdebugio_v7em_fpv4_sp_d16_hard_t_le_eabi.a(libdebugio.o) (__do_nvdebug_operation)
C:/Program Files/SEGGER/SEGGER Embedded Studio for ARM 5.20a/lib/libdebugio_v7em_fpv4_sp_d16_hard_t_le_eabi.a(mempoll_debug_operations.o)
                              (__do_debug_operation_mempoll)
C:/Program Files/SEGGER/SEGGER Embedded Studio for ARM 5.20a/lib/libm_v7em_fpv4_sp_d16_hard_t_le_eabi.a(libm_asm.o)
                              C:/Program Files/SEGGER/SEGGER Embedded Studio for ARM 5.20a/lib/libc_v7em_fpv4_sp_d16_hard_t_le_eabi.a(libc2.o) (__aeabi_dadd)
C:/Program Files/SEGGER/SEGGER Embedded Studio for ARM 5.20a/lib/libm_v7em_fpv4_sp_d16_hard_t_le_eabi.a(libm2.o)
                              C:/Program Files/SEGGER/SEGGER Embedded Studio for ARM 5.20a/lib/libc_v7em_fpv4_sp_d16_hard_t_le_eabi.a(libvfprintf.o) (frexp)

Discarded input sections

 .text          0x0000000000000000        0x0 Output/Release/Obj/ble_app_uart_c_pca10056_s140/thumb_crt0.o
 .data          0x0000000000000000        0x0 Output/Release/Obj/ble_app_uart_c_pca10056_s140/thumb_crt0.o
 .bss           0x0000000000000000        0x0 Output/Release/Obj/ble_app_uart_c_pca10056_s140/thumb_crt0.o
 .text.__aeabi_read_tp
                0x0000000000000000        0x8 Output/Release/Obj/ble_app_uart_c_pca10056_s140/thumb_crt0.o
 .text.abort    0x0000000000000000        0x2 Output/Release/Obj/ble_app_uart_c_pca10056_s140/thumb_crt0.o
 .text.__assert
                0x0000000000000000        0x2 Output/Release/Obj/ble_app_uart_c_pca10056_s140/thumb_crt0.o
 .text.__assert_func
                0x0000000000000000        0x2 Output/Release/Obj/ble_app_uart_c_pca10056_s140/thumb_crt0.o
 .text.__aeabi_assert
                0x0000000000000000        0x2 Output/Release/Obj/ble_app_uart_c_pca10056_s140/thumb_crt0.o
 .text.__sync_synchronize
                0x0000000000000000        0x2 Output/Release/Obj/ble_app_uart_c_pca10056_s140/thumb_crt0.o
 .text.__getchar
                0x0000000000000000        0x4 Output/Release/Obj/ble_app_uart_c_pca10056_s140/thumb_crt0.o
 .text.__putchar
                0x0000000000000000        0x4 Output/Release/Obj/ble_app_uart_c_pca10056_s140/thumb_crt0.o
 .text.__open   0x0000000000000000        0x4 Output/Release/Obj/ble_app_uart_c_pca10056_s140/thumb_crt0.o
 .text.__close  0x0000000000000000        0x4 Output/Release/Obj/ble_app_uart_c_pca10056_s140/thumb_crt0.o
 .text.__write  0x0000000000000000        0xa Output/Release/Obj/ble_app_uart_c_pca10056_s140/thumb_crt0.o
 .text.__read   0x0000000000000000        0xa Output/Release/Obj/ble_app_uart_c_pca10056_s140/thumb_crt0.o
 .text.__seek   0x0000000000000000       0x1a Output/Release/Obj/ble_app_uart_c_pca10056_s140/thumb_crt0.o
 .text.remove   0x0000000000000000        0x4 Output/Release/Obj/ble_app_uart_c_pca10056_s140/thumb_crt0.o
 .text.rename   0x0000000000000000        0x4 Output/Release/Obj/ble_app_uart_c_pca10056_s140/thumb_crt0.o
 .bss.__user_locale_name_buffer
                0x0000000000000000        0x4 Output/Release/Obj/ble_app_uart_c_pca10056_s140/thumb_crt0.o
 .stack         0x0000000000000000        0x0 Output/Release/Obj/ble_app_uart_c_pca10056_s140/thumb_crt0.o
 .stack_process
[...]
Memory Configuration

Name             Origin             Length             Attributes
UNPLACED_SECTIONS 0x0000000100000000 0x0000000000000000 xw
RAM              0x0000000020000000 0x0000000000040000 xw
FLASH            0x0000000000000000 0x0000000000100000 xw
*default*        0x0000000000000000 0xffffffffffffffff

Linker script and memory map

                0x0000000000000000                __do_debug_operation = __do_debug_operation_mempoll
                0x000000000002bde4                __vfprintf = __vfprintf_long
                0x0000000000000000                __vfscanf = __vfscanf_long
                0x0000000020000000                __RAM_segment_start__ = 0x20000000
                0x0000000020040000                __RAM_segment_end__ = 0x20040000
                0x0000000000040000                __RAM_segment_size__ = 0x40000
                0x0000000000000000                __FLASH_segment_start__ = 0x0
                0x0000000000100000                __FLASH_segment_end__ = 0x100000
                0x0000000000100000                __FLASH_segment_size__ = 0x100000
                0x0000000000002000                __HEAPSIZE__ = 0x2000
                0x0000000000000000                __STACKSIZE_PROCESS__ = 0x0
                0x0000000000002000                __STACKSIZE__ = 0x2000
                0x0000000020000000                __reserved_ram_load_start__ = 0x20000000

.reserved_ram   0x0000000020000000     0x29e0
                0x0000000020000000                __reserved_ram_start__ = .
 *(.reserved_ram .reserved_ram.*)
                0x00000000200029e0                . = MAX (((__reserved_ram_start__ + 0x200029e0) - 0x20000000), .)
 *fill*         0x0000000020000000     0x29e0 
                0x00000000200029e0                __reserved_ram_end__ = (__reserved_ram_start__ + SIZEOF (.reserved_ram))
                0x00000000000029e0                __reserved_ram_size__ = SIZEOF (.reserved_ram)
                0x00000000200029e0                __reserved_ram_load_end__ = __reserved_ram_end__
                0x0000000000000001                . = ASSERT (((__reserved_ram_start__ == __reserved_ram_end__) || ((__reserved_ram_end__ - __RAM_segment_start__) <= __RAM_segment_size__)), error: .reserved_ram is too large to fit in RAM memory segment)
                0x00000000200029e0                __vectors_ram_load_start__ = 0x200029e0

.vectors_ram    0x00000000200029e0        0x0
                0x00000000200029e0                __vectors_ram_start__ = .
                0x00000000200029e0                __app_ram_start__ = __vectors_ram_start__
 *(.vectors_ram .vectors_ram.*)
                0x00000000200029e0                __vectors_ram_end__ = (__vectors_ram_start__ + SIZEOF (.vectors_ram))
                0x0000000000000000                __vectors_ram_size__ = SIZEOF (.vectors_ram)
                0x00000000200029e0                __vectors_ram_load_end__ = __vectors_ram_end__
                0x0000000000000001                . = ASSERT (((__vectors_ram_start__ == __vectors_ram_end__) || ((__vectors_ram_end__ - __RAM_segment_start__) <= __RAM_segment_size__)), error: .vectors_ram is too large to fit in RAM memory segment)
                0x0000000000000001                . = ASSERT ((__reserved_ram_end__ <= __vectors_ram_start__), error: section .reserved_ram overlaps absolute placed section .vectors_ram)
                0x00000000200029e0                __nrf_sections_run_load_start__ = ALIGN (__vectors_ram_end__, 0x4)

.nrf_sections_run
                0x00000000200029e0        0x0
                0x00000000200029e0                __nrf_sections_run_start__ = .
                0x00000000200029e0                __start_nrf_sections_run = __nrf_sections_run_start__
 *(.nrf_sections_run .nrf_sections_run.*)
                0x00000000200029e0                __nrf_sections_run_end__ = (__nrf_sections_run_start__ + SIZEOF (.nrf_sections_run))
                0x0000000000000000                __nrf_sections_run_size__ = SIZEOF (.nrf_sections_run)
                0x00000000200029e0                __nrf_sections_run_load_end__ = __nrf_sections_run_end__
                0x0000000000000001                . = ASSERT (((__nrf_sections_run_start__ == __nrf_sections_run_end__) || ((__nrf_sections_run_end__ - __RAM_segment_start__) <= __RAM_segment_size__)), error: .nrf_sections_run is too large to fit in RAM memory segment)
                0x0000000000000000                __reserved_flash_load_start__ = 0x0

.reserved_flash
                0x0000000000000000    0x26000
                0x0000000000000000                __reserved_flash_start__ = .
 *(.reserved_flash .reserved_flash.*)
                0x0000000000026000                . = MAX (((__reserved_flash_start__ + 0x26000) - 0x0), .)
 *fill*         0x0000000000000000    0x26000 
                0x0000000000026000                __reserved_flash_end__ = (__reserved_flash_start__ + SIZEOF (.reserved_flash))
                0x0000000000026000                __reserved_flash_size__ = SIZEOF (.reserved_flash)
                0x0000000000026000                __reserved_flash_load_end__ = __reserved_flash_end__
                0x0000000000000001                . = ASSERT (((__reserved_flash_start__ == __reserved_flash_end__) || ((__reserved_flash_end__ - __FLASH_segment_start__) <= __FLASH_segment_size__)), error: .reserved_flash is too large to fit in FLASH memory segment)
                0x0000000000026000                __vectors_load_start__ = 0x26000

.vectors        0x0000000000026000      0x200
                0x0000000000026000                __vectors_start__ = .
 *(.vectors .vectors.*)
 .vectors       0x0000000000026000      0x200 Output/Release/Obj/ble_app_uart_c_pca10056_s140/ses_startup_nrf52840.o
                0x0000000000026000                _vectors
                0x0000000000026200                __vectors_end__ = (__vectors_start__ + SIZEOF (.vectors))
                0x0000000000000200                __vectors_size__ = SIZEOF (.vectors)
                0x0000000000026200                __vectors_load_end__ = __vectors_end__
                0x0000000000000001                . = ASSERT (((__vectors_start__ == __vectors_end__) || ((__vectors_end__ - __FLASH_segment_start__) <= __FLASH_segment_size__)), error: .vectors is too large to fit in FLASH memory segment)
                0x0000000000000001                . = ASSERT ((__reserved_flash_end__ <= __vectors_start__), error: section .reserved_flash overlaps absolute placed section .vectors)
                0x0000000000026200                __init_load_start__ = ALIGN (__vectors_end__, 0x4)

.init           0x0000000000026200      0x1d4
                0x0000000000026200                __init_start__ = .
 *(.init .init.*)
 .init          0x0000000000026200      0x15c Output/Release/Obj/ble_app_uart_c_pca10056_s140/thumb_crt0.o
                0x0000000000026200                _start
                0x00000000000262b4                exit
 .init          0x000000000002635c       0x18 Output/Release/Obj/ble_app_uart_c_pca10056_s140/ses_startup_nrf52840.o
                0x000000000002635c                NMI_Handler
                0x000000000002635e                HardFault_Handler
                0x0000000000026360                MemoryManagement_Handler
                0x0000000000026362                BusFault_Handler
                0x0000000000026364                UsageFault_Handler
                0x0000000000026366                SVC_Handler
                0x0000000000026368                DebugMon_Handler
                0x000000000002636a                PendSV_Handler
                0x000000000002636c                SysTick_Handler
                0x000000000002636e                RADIO_IRQHandler
                0x000000000002636e                PDM_IRQHandler
                0x000000000002636e                TEMP_IRQHandler
                0x000000000002636e                QDEC_IRQHandler
                0x000000000002636e                RTC0_IRQHandler
                0x000000000002636e                PWM3_IRQHandler
                0x000000000002636e                FPU_IRQHandler
                0x000000000002636e                USBD_IRQHandler
                0x000000000002636e                SPIM0_SPIS0_TWIM0_TWIS0_SPI0_TWI0_IRQHandler
                0x000000000002636e                PWM1_IRQHandler
                0x000000000002636e                TIMER4_IRQHandler
                0x000000000002636e                CRYPTOCELL_IRQHandler
                0x000000000002636e                TIMER3_IRQHandler
                0x000000000002636e                SWI4_EGU4_IRQHandler
                0x000000000002636e                TIMER0_IRQHandler
                0x000000000002636e                UARTE1_IRQHandler
                0x000000000002636e                Dummy_Handler
                0x000000000002636e                TIMER1_IRQHandler
                0x000000000002636e                SPIM3_IRQHandler
                0x000000000002636e                PWM2_IRQHandler
                0x000000000002636e                ECB_IRQHandler
                0x000000000002636e                SPIM1_SPIS1_TWIM1_TWIS1_SPI1_TWI1_IRQHandler
                0x000000000002636e                SAADC_IRQHandler
                0x000000000002636e                CCM_AAR_IRQHandler
                0x000000000002636e                WDT_IRQHandler
                0x000000000002636e                QSPI_IRQHandler
                0x000000000002636e                SWI5_EGU5_IRQHandler
                0x000000000002636e                RNG_IRQHandler
                0x000000000002636e                PWM0_IRQHandler
                0x000000000002636e                SWI3_EGU3_IRQHandler
                0x000000000002636e                SWI1_EGU1_IRQHandler
                0x000000000002636e                SPIM2_SPIS2_SPI2_IRQHandler
                0x000000000002636e                NFCT_IRQHandler
                0x000000000002636e                I2S_IRQHandler
                0x000000000002636e                MWU_IRQHandler
                0x000000000002636e                TIMER2_IRQHandler
                0x000000000002636e                COMP_LPCOMP_IRQHandler
                0x0000000000026370                nRFInitialize
 .init          0x0000000000026374       0x60 Output/Release/Obj/ble_app_uart_c_pca10056_s140/ses_startup_nrf_common.o
                0x0000000000026374                Reset_Handler
                0x000000000002639c                InitializeUserMemorySections
                0x00000000000263d4                __init_end__ = (__init_start__ + SIZEOF (.init))
                0x00000000000001d4                __init_size__ = SIZEOF (.init)
                0x00000000000263d4                __init_load_end__ = __init_end__
                0x0000000000000001                . = ASSERT (((__init_start__ == __init_end__) || ((__init_end__ - __FLASH_segment_start__) <= __FLASH_segment_size__)), error: .init is too large to fit in FLASH memory segment)
                0x00000000000263d4                __init_rodata_load_start__ = ALIGN (__init_end__, 0x4)

.init_rodata    0x00000000000263d4        0x0
                0x00000000000263d4                __init_rodata_start__ = .
 *(.init_rodata .init_rodata.*)
                0x00000000000263d4                __init_rodata_end__ = (__init_rodata_start__ + SIZEOF (.init_rodata))
                0x0000000000000000                __init_rodata_size__ = SIZEOF (.init_rodata)
                0x00000000000263d4                __init_rodata_load_end__ = __init_rodata_end__
                0x0000000000000001                . = ASSERT (((__init_rodata_start__ == __init_rodata_end__) || ((__init_rodata_end__ - __FLASH_segment_start__) <= __FLASH_segment_size__)), error: .init_rodata is too large to fit in FLASH memory segment)
                0x00000000000263d4                __text_load_start__ = ALIGN (__init_rodata_end__, 0x4)

.text           0x00000000000263d4     0x6048
                0x00000000000263d4                __text_start__ = .
 *(.text .text.* .glue_7t .glue_7 .gnu.linkonce.t.* .gcc_except_table .ARM.extab* .gnu.linkonce.armextab.*)
 .glue_7        0x00000000000263d4        0x0 linker stubs
 .glue_7t       0x00000000000263d4        0x0 linker stubs
 .text.nrf_log_backend_rtt_flush
                0x00000000000263d4        0x2 Output/Release/Obj/ble_app_uart_c_pca10056_s140/nrf_log_backend_rtt.o
 *fill*         0x00000000000263d6        0x2 
 .text.nrf_log_backend_rtt_put
                0x00000000000263d8       0x1c Output/Release/Obj/ble_app_uart_c_pca10056_s140/nrf_log_backend_rtt.o
 .text.serial_tx
                0x00000000000263f4       0x50 Output/Release/Obj/ble_app_uart_c_pca10056_s140/nrf_log_backend_rtt.o
 .text.nrf_log_backend_rtt_panic_set
                0x0000000000026444        0x2 Output/Release/Obj/ble_app_uart_c_pca10056_s140/nrf_log_backend_rtt.o
 .text.nrf_log_backend_rtt_init
                0x0000000000026446        0x4 Output/Release/Obj/ble_app_uart_c_pca10056_s140/nrf_log_backend_rtt.o
                0x0000000000026446                nrf_log_backend_rtt_init
 .text.nrf_log_backend_serial_put
                0x000000000002644a       0xc2 Output/Release/Obj/ble_app_uart_c_pca10056_s140/nrf_log_backend_serial.o
                0x000000000002644a                nrf_log_backend_serial_put
 .text.nrf_log_default_backends_init
                0x000000000002650c       0x20 Output/Release/Obj/ble_app_uart_c_pca10056_s140/nrf_log_default_backends.o
                0x000000000002650c                nrf_log_default_backends_init
 .text.invalid_packets_omit
                0x000000000002652c       0x3a Output/Release/Obj/ble_app_uart_c_pca10056_s140/nrf_log_frontend.o
 *fill*         0x0000000000026566        0x2 
 .text.buf_prealloc
                0x0000000000026568      0x138 Output/Release/Obj/ble_app_uart_c_pca10056_s140/nrf_log_frontend.o
 .text.nrf_log_init
                0x00000000000266a0       0x3c Output/Release/Obj/ble_app_uart_c_pca10056_s140/nrf_log_frontend.o
                0x00000000000266a0                nrf_log_init
 .text.nrf_log_module_name_get
                0x00000000000266dc       0x38 Output/Release/Obj/ble_app_uart_c_pca10056_s140/nrf_log_frontend.o
                0x00000000000266dc                nrf_log_module_name_get
 .text.nrf_log_color_id_get
                0x0000000000026714       0x2c Output/Release/Obj/ble_app_uart_c_pca10056_s140/nrf_log_frontend.o
                0x0000000000026714                nrf_log_color_id_get
 .text.buffer_is_empty
                0x0000000000026740       0x14 Output/Release/Obj/ble_app_uart_c_pca10056_s140/nrf_log_frontend.o
                0x0000000000026740                buffer_is_empty
 .text.nrf_log_frontend_dequeue
                0x0000000000026754      0x220 Output/Release/Obj/ble_app_uart_c_pca10056_s140/nrf_log_frontend.o
                0x0000000000026754                nrf_log_frontend_dequeue
 .text.std_n    0x0000000000026974       0x98 Output/Release/Obj/ble_app_uart_c_pca10056_s140/nrf_log_frontend.o
 .text.nrf_log_frontend_std_0
                0x0000000000026a0c        0x8 Output/Release/Obj/ble_app_uart_c_pca10056_s140/nrf_log_frontend.o
                0x0000000000026a0c                nrf_log_frontend_std_0
 .text.nrf_log_frontend_std_1
                0x0000000000026a14       0x12 Output/Release/Obj/ble_app_uart_c_pca10056_s140/nrf_log_frontend.o
                0x0000000000026a14                nrf_log_frontend_std_1
 .text.nrf_log_frontend_std_2
                0x0000000000026a26       0x14 Output/Release/Obj/ble_app_uart_c_pca10056_s140/nrf_log_frontend.o
                0x0000000000026a26                nrf_log_frontend_std_2
 .text.nrf_log_frontend_std_6
                0x0000000000026a3a       0x24 Output/Release/Obj/ble_app_uart_c_pca10056_s140/nrf_log_frontend.o
                0x0000000000026a3a                nrf_log_frontend_std_6
 *fill*         0x0000000000026a5e        0x2 
 .text.nrf_log_backend_add
                0x0000000000026a60       0x44 Output/Release/Obj/ble_app_uart_c_pca10056_s140/nrf_log_frontend.o
                0x0000000000026a60                nrf_log_backend_add
 .text.nrf_log_panic
                0x0000000000026aa4       0x2c Output/Release/Obj/ble_app_uart_c_pca10056_s140/nrf_log_frontend.o
                0x0000000000026aa4                nrf_log_panic
 .text.postfix_process
                0x0000000000026ad0       0x44 Output/Release/Obj/ble_app_uart_c_pca10056_s140/nrf_log_str_formatter.o
 .text.prefix_process
                0x0000000000026b14       0x7c Output/Release/Obj/ble_app_uart_c_pca10056_s140/nrf_log_str_formatter.o
 .text.nrf_log_std_entry_process
                0x0000000000026b90       0xc8 Output/Release/Obj/ble_app_uart_c_pca10056_s140/nrf_log_str_formatter.o
                0x0000000000026b90                nrf_log_std_entry_process
 .text.nrf_log_hexdump_entry_process
                0x0000000000026c58       0xb8 Output/Release/Obj/ble_app_uart_c_pca10056_s140/nrf_log_str_formatter.o
                0x0000000000026c58                nrf_log_hexdump_entry_process
 .text.detection_delay_timeout_handler
                0x0000000000026d10       0xf0 Output/Release/Obj/ble_app_uart_c_pca10056_s140/app_button.o
 .text.gpiote_event_handler
                0x0000000000026e00       0x90 Output/Release/Obj/ble_app_uart_c_pca10056_s140/app_button.o
 .text.app_button_init
                0x0000000000026e90       0xa8 Output/Release/Obj/ble_app_uart_c_pca10056_s140/app_button.o
                0x0000000000026e90                app_button_init
 .text.app_button_enable
                0x0000000000026f38       0x2c Output/Release/Obj/ble_app_uart_c_pca10056_s140/app_button.o
                0x0000000000026f38                app_button_enable
 .text.app_error_handler_bare
                0x0000000000026f64       0x1a Output/Release/Obj/ble_app_uart_c_pca10056_s140/app_error.o
                0x0000000000026f64                app_error_handler_bare
 *fill*         0x0000000000026f7e        0x2 
 .text.app_error_fault_handler
                0x0000000000026f80       0x70 Output/Release/Obj/ble_app_uart_c_pca10056_s140/app_error_weak.o
                0x0000000000026f80                app_error_fault_handler
 .text.app_fifo_init
                0x0000000000026ff0       0x1e Output/Release/Obj/ble_app_uart_c_pca10056_s140/app_fifo.o
                0x0000000000026ff0                app_fifo_init
 .text.app_fifo_put
                0x000000000002700e       0x24 Output/Release/Obj/ble_app_uart_c_pca10056_s140/app_fifo.o
                0x000000000002700e                app_fifo_put
 .text.app_fifo_get
                0x0000000000027032       0x22 Output/Release/Obj/ble_app_uart_c_pca10056_s140/app_fifo.o
                0x0000000000027032                app_fifo_get
 .text.user_op_alloc
                0x0000000000027054       0x2c Output/Release/Obj/ble_app_uart_c_pca10056_s140/app_timer.o
 .text.timer_stop_op_schedule
                0x0000000000027080       0x50 Output/Release/Obj/ble_app_uart_c_pca10056_s140/app_timer.o
 .text.nrfx_coredep_delay_us.part.0.constprop.0
                0x00000000000270d0       0x10 Output/Release/Obj/ble_app_uart_c_pca10056_s140/app_timer.o
 .text.rtc1_stop
                0x00000000000270e0       0x44 Output/Release/Obj/ble_app_uart_c_pca10056_s140/app_timer.o
 .text.RTC1_IRQHandler
                0x0000000000027124       0x9c Output/Release/Obj/ble_app_uart_c_pca10056_s140/app_timer.o
                0x0000000000027124                RTC1_IRQHandler
 .text.SWI0_EGU0_IRQHandler
                0x00000000000271c0      0x2bc Output/Release/Obj/ble_app_uart_c_pca10056_s140/app_timer.o
                0x00000000000271c0                SWI0_EGU0_IRQHandler
 .text.app_timer_init
                0x000000000002747c       0x60 Output/Release/Obj/ble_app_uart_c_pca10056_s140/app_timer.o
                0x000000000002747c                app_timer_init
 .text.app_timer_create
                0x00000000000274dc       0x24 Output/Release/Obj/ble_app_uart_c_pca10056_s140/app_timer.o
                0x00000000000274dc                app_timer_create
 .text.app_timer_start
                0x0000000000027500       0x90 Output/Release/Obj/ble_app_uart_c_pca10056_s140/app_timer.o
                0x0000000000027500                app_timer_start
 .text.app_timer_stop
                0x0000000000027590       0x20 Output/Release/Obj/ble_app_uart_c_pca10056_s140/app_timer.o
                0x0000000000027590                app_timer_stop
 .text.nrf_drv_uart_rx.constprop.0
                0x00000000000275b0       0x28 Output/Release/Obj/ble_app_uart_c_pca10056_s140/app_uart_fifo.o
 .text.nrf_drv_uart_tx.constprop.0
                0x00000000000275d8       0x28 Output/Release/Obj/ble_app_uart_c_pca10056_s140/app_uart_fifo.o
 .text.uart_event_handler
                0x0000000000027600       0x98 Output/Release/Obj/ble_app_uart_c_pca10056_s140/app_uart_fifo.o
 .text.app_uart_init
                0x0000000000027698       0xb0 Output/Release/Obj/ble_app_uart_c_pca10056_s140/app_uart_fifo.o
                0x0000000000027698                app_uart_init
 .text.app_uart_get
                0x0000000000027748       0x2c Output/Release/Obj/ble_app_uart_c_pca10056_s140/app_uart_fifo.o
                0x0000000000027748                app_uart_get
 .text.app_uart_put
                0x0000000000027774       0x50 Output/Release/Obj/ble_app_uart_c_pca10056_s140/app_uart_fifo.o
                0x0000000000027774                app_uart_put
 .text.app_util_critical_region_enter
                0x00000000000277c4       0x48 Output/Release/Obj/ble_app_uart_c_pca10056_s140/app_util_platform.o
                0x00000000000277c4                app_util_critical_region_enter
 .text.app_util_critical_region_exit
                0x000000000002780c       0x2c Output/Release/Obj/ble_app_uart_c_pca10056_s140/app_util_platform.o
                0x000000000002780c                app_util_critical_region_exit
 .text.nrf_atomic_u32_fetch_store
                0x0000000000027838       0x16 Output/Release/Obj/ble_app_uart_c_pca10056_s140/nrf_atomic.o
                0x0000000000027838                nrf_atomic_u32_fetch_store
 .text.nrf_atomic_u32_or
                0x000000000002784e       0x18 Output/Release/Obj/ble_app_uart_c_pca10056_s140/nrf_atomic.o
                0x000000000002784e                nrf_atomic_u32_or
 .text.nrf_atomic_u32_fetch_and
                0x0000000000027866       0x18 Output/Release/Obj/ble_app_uart_c_pca10056_s140/nrf_atomic.o
                0x0000000000027866                nrf_atomic_u32_fetch_and
 .text.nrf_atomic_u32_add
                0x000000000002787e       0x18 Output/Release/Obj/ble_app_uart_c_pca10056_s140/nrf_atomic.o
                0x000000000002787e                nrf_atomic_u32_add
 .text.nrf_atomic_u32_sub
                0x0000000000027896       0x18 Output/Release/Obj/ble_app_uart_c_pca10056_s140/nrf_atomic.o
                0x0000000000027896                nrf_atomic_u32_sub
 .text.nrf_atomic_flag_set
                0x00000000000278ae        0x6 Output/Release/Obj/ble_app_uart_c_pca10056_s140/nrf_atomic.o
                0x00000000000278ae                nrf_atomic_flag_set
 .text.nrf_atomic_flag_clear_fetch
                0x00000000000278b4        0x6 Output/Release/Obj/ble_app_uart_c_pca10056_s140/nrf_atomic.o
                0x00000000000278b4                nrf_atomic_flag_clear_fetch
 .text.nrf_balloc_init
                0x00000000000278ba       0x2e Output/Release/Obj/ble_app_uart_c_pca10056_s140/nrf_balloc.o
                0x00000000000278ba                nrf_balloc_init
 .text.nrf_balloc_alloc
                0x00000000000278e8       0x48 Output/Release/Obj/ble_app_uart_c_pca10056_s140/nrf_balloc.o
                0x00000000000278e8                nrf_balloc_alloc
 .text.nrf_balloc_free
                0x0000000000027930       0x34 Output/Release/Obj/ble_app_uart_c_pca10056_s140/nrf_balloc.o
                0x0000000000027930                nrf_balloc_free
 .text.nrf_fprintf_buffer_flush
                0x0000000000027964       0x16 Output/Release/Obj/ble_app_uart_c_pca10056_s140/nrf_fprintf.o
                0x0000000000027964                nrf_fprintf_buffer_flush
 .text.nrf_fprintf
                0x000000000002797a       0x1c Output/Release/Obj/ble_app_uart_c_pca10056_s140/nrf_fprintf.o
                0x000000000002797a                nrf_fprintf
 .text.buffer_add
                0x0000000000027996       0x2e Output/Release/Obj/ble_app_uart_c_pca10056_s140/nrf_fprintf_format.o
 .text.unsigned_print
                0x00000000000279c4       0xb4 Output/Release/Obj/ble_app_uart_c_pca10056_s140/nrf_fprintf_format.o
 .text.nrf_fprintf_fmt
                0x0000000000027a78      0x29c Output/Release/Obj/ble_app_uart_c_pca10056_s140/nrf_fprintf_format.o
                0x0000000000027a78                nrf_fprintf_fmt
 .text.memobj_op
                0x0000000000027d14       0x86 Output/Release/Obj/ble_app_uart_c_pca10056_s140/nrf_memobj.o
 .text.nrf_memobj_pool_init
                0x0000000000027d9a        0x4 Output/Release/Obj/ble_app_uart_c_pca10056_s140/nrf_memobj.o
                0x0000000000027d9a                nrf_memobj_pool_init
 .text.nrf_memobj_free
                0x0000000000027d9e       0x2c Output/Release/Obj/ble_app_uart_c_pca10056_s140/nrf_memobj.o
                0x0000000000027d9e                nrf_memobj_free
 .text.nrf_memobj_alloc
                0x0000000000027dca       0x5e Output/Release/Obj/ble_app_uart_c_pca10056_s140/nrf_memobj.o
                0x0000000000027dca                nrf_memobj_alloc
 .text.nrf_memobj_get
                0x0000000000027e28        0x8 Output/Release/Obj/ble_app_uart_c_pca10056_s140/nrf_memobj.o
                0x0000000000027e28                nrf_memobj_get
 .text.nrf_memobj_put
                0x0000000000027e30       0x1e Output/Release/Obj/ble_app_uart_c_pca10056_s140/nrf_memobj.o
                0x0000000000027e30                nrf_memobj_put
 .text.nrf_memobj_write
                0x0000000000027e4e       0x14 Output/Release/Obj/ble_app_uart_c_pca10056_s140/nrf_memobj.o
                0x0000000000027e4e                nrf_memobj_write
 .text.nrf_memobj_read
                0x0000000000027e62       0x14 Output/Release/Obj/ble_app_uart_c_pca10056_s140/nrf_memobj.o
                0x0000000000027e62                nrf_memobj_read
 .text.sd_power_system_off
                0x0000000000027e76        0x4 Output/Release/Obj/ble_app_uart_c_pca10056_s140/nrf_pwr_mgmt.o
 .text.sd_app_evt_wait
                0x0000000000027e7a        0x4 Output/Release/Obj/ble_app_uart_c_pca10056_s140/nrf_pwr_mgmt.o
 *fill*         0x0000000000027e7e        0x2 
 .text.nrf_pwr_mgmt_init
                0x0000000000027e80       0x2c Output/Release/Obj/ble_app_uart_c_pca10056_s140/nrf_pwr_mgmt.o
                0x0000000000027e80                nrf_pwr_mgmt_init
 .text.nrf_pwr_mgmt_run
                0x0000000000027eac       0x4c Output/Release/Obj/ble_app_uart_c_pca10056_s140/nrf_pwr_mgmt.o
                0x0000000000027eac                nrf_pwr_mgmt_run
 .text.nrf_pwr_mgmt_shutdown
                0x0000000000027ef8       0xb4 Output/Release/Obj/ble_app_uart_c_pca10056_s140/nrf_pwr_mgmt.o
                0x0000000000027ef8                nrf_pwr_mgmt_shutdown
 .text.nrf_ringbuf_init
                0x0000000000027fac       0x12 Output/Release/Obj/ble_app_uart_c_pca10056_s140/nrf_ringbuf.o
                0x0000000000027fac                nrf_ringbuf_init
 .text.nrf_section_iter_init
                0x0000000000027fbe       0x14 Output/Release/Obj/ble_app_uart_c_pca10056_s140/nrf_section_iter.o
                0x0000000000027fbe                nrf_section_iter_init
 .text.nrf_section_iter_next
                0x0000000000027fd2       0x18 Output/Release/Obj/ble_app_uart_c_pca10056_s140/nrf_section_iter.o
                0x0000000000027fd2                nrf_section_iter_next
 *fill*         0x0000000000027fea        0x2 
 .text.nrf_strerror_find
                0x0000000000027fec       0x3c Output/Release/Obj/ble_app_uart_c_pca10056_s140/nrf_strerror.o
                0x0000000000027fec                nrf_strerror_find
 .text.nrf_strerror_get
                0x0000000000028028       0x14 Output/Release/Obj/ble_app_uart_c_pca10056_s140/nrf_strerror.o
                0x0000000000028028                nrf_strerror_get
 .text.__putchar
                0x000000000002803c        0xe Output/Release/Obj/ble_app_uart_c_pca10056_s140/retarget.o
                0x000000000002803c                __putchar
 *fill*         0x000000000002804a        0x2 
 .text.errata_98
                0x000000000002804c       0x20 Output/Release/Obj/ble_app_uart_c_pca10056_s140/system_nrf52840.o
 .text.SystemInit
                0x000000000002806c      0x1b8 Output/Release/Obj/ble_app_uart_c_pca10056_s140/system_nrf52840.o
                0x000000000002806c                SystemInit
 .text.bsp_board_led_state_get
                0x0000000000028224       0x28 Output/Release/Obj/ble_app_uart_c_pca10056_s140/boards.o
                0x0000000000028224                bsp_board_led_state_get
 .text.bsp_board_led_on
                0x000000000002824c       0x28 Output/Release/Obj/ble_app_uart_c_pca10056_s140/boards.o
                0x000000000002824c                bsp_board_led_on
 .text.bsp_board_led_off
                0x0000000000028274       0x28 Output/Release/Obj/ble_app_uart_c_pca10056_s140/boards.o
                0x0000000000028274                bsp_board_led_off
 .text.bsp_board_leds_off
                0x000000000002829c       0x1e Output/Release/Obj/ble_app_uart_c_pca10056_s140/boards.o
                0x000000000002829c                bsp_board_leds_off
 .text.bsp_board_leds_on
                0x00000000000282ba       0x1e Output/Release/Obj/ble_app_uart_c_pca10056_s140/boards.o
                0x00000000000282ba                bsp_board_leds_on
 .text.bsp_board_led_invert
                0x00000000000282d8       0x34 Output/Release/Obj/ble_app_uart_c_pca10056_s140/boards.o
                0x00000000000282d8                bsp_board_led_invert
 .text.bsp_board_button_state_get
                0x000000000002830c       0x28 Output/Release/Obj/ble_app_uart_c_pca10056_s140/boards.o
                0x000000000002830c                bsp_board_button_state_get
 .text.bsp_board_pin_to_button_idx
                0x0000000000028334       0x24 Output/Release/Obj/ble_app_uart_c_pca10056_s140/boards.o
                0x0000000000028334                bsp_board_pin_to_button_idx
 .text.bsp_board_button_idx_to_pin
                0x0000000000028358        0xc Output/Release/Obj/ble_app_uart_c_pca10056_s140/boards.o
                0x0000000000028358                bsp_board_button_idx_to_pin
 .text.bsp_board_init
                0x0000000000028364       0x3e Output/Release/Obj/ble_app_uart_c_pca10056_s140/boards.o
                0x0000000000028364                bsp_board_init
 *fill*         0x00000000000283a2        0x2 
 .text.clock_clk_started_notify
                0x00000000000283a4       0x24 Output/Release/Obj/ble_app_uart_c_pca10056_s140/nrf_drv_clock.o
 .text.clock_irq_handler
                0x00000000000283c8       0x1c Output/Release/Obj/ble_app_uart_c_pca10056_s140/nrf_drv_clock.o
 .text.soc_evt_handler
                0x00000000000283e4       0x14 Output/Release/Obj/ble_app_uart_c_pca10056_s140/nrf_drv_clock.o
 .text.nrf_drv_clock_init
                0x00000000000283f8       0x38 Output/Release/Obj/ble_app_uart_c_pca10056_s140/nrf_drv_clock.o
                0x00000000000283f8                nrf_drv_clock_init
 .text.nrf_drv_clock_lfclk_release
                0x0000000000028430       0x34 Output/Release/Obj/ble_app_uart_c_pca10056_s140/nrf_drv_clock.o
                0x0000000000028430                nrf_drv_clock_lfclk_release
 .text.sd_state_evt_handler
                0x0000000000028464       0x58 Output/Release/Obj/ble_app_uart_c_pca10056_s140/nrf_drv_clock.o
 .text.uarte_evt_handler
                0x00000000000284bc       0x34 Output/Release/Obj/ble_app_uart_c_pca10056_s140/nrf_drv_uart.o
 .text.uart_evt_handler
                0x00000000000284f0       0x34 Output/Release/Obj/ble_app_uart_c_pca10056_s140/nrf_drv_uart.o
 .text.nrf_drv_uart_init
                0x0000000000028524       0x7c Output/Release/Obj/ble_app_uart_c_pca10056_s140/nrf_drv_uart.o
                0x0000000000028524                nrf_drv_uart_init
 .text.nrfx_clock_init
                0x00000000000285a0       0x18 Output/Release/Obj/ble_app_uart_c_pca10056_s140/nrfx_clock.o
                0x00000000000285a0                nrfx_clock_init
 .text.nrfx_clock_enable
                0x00000000000285b8       0x24 Output/Release/Obj/ble_app_uart_c_pca10056_s140/nrfx_clock.o
                0x00000000000285b8                nrfx_clock_enable
 .text.nrfx_clock_lfclk_stop
                0x00000000000285dc       0x18 Output/Release/Obj/ble_app_uart_c_pca10056_s140/nrfx_clock.o
                0x00000000000285dc                nrfx_clock_lfclk_stop
 .text.POWER_CLOCK_IRQHandler
                0x00000000000285f4       0x64 Output/Release/Obj/ble_app_uart_c_pca10056_s140/nrfx_clock.o
                0x00000000000285f4                POWER_CLOCK_IRQHandler
 .text.nrf_gpiote_event_clear
                0x0000000000028658       0x18 Output/Release/Obj/ble_app_uart_c_pca10056_s140/nrfx_gpiote.o
 .text.nrf_gpio_pin_port_decode
                0x0000000000028670       0x18 Output/Release/Obj/ble_app_uart_c_pca10056_s140/nrfx_gpiote.o
 .text.nrf_gpio_cfg_sense_set
                0x0000000000028688       0x2e Output/Release/Obj/ble_app_uart_c_pca10056_s140/nrfx_gpiote.o
 *fill*         0x00000000000286b6        0x2 
 .text.channel_free
                0x00000000000286b8       0x1c Output/Release/Obj/ble_app_uart_c_pca10056_s140/nrfx_gpiote.o
 .text.nrfx_gpiote_init
                0x00000000000286d4       0x70 Output/Release/Obj/ble_app_uart_c_pca10056_s140/nrfx_gpiote.o
                0x00000000000286d4                nrfx_gpiote_init
 .text.nrfx_gpiote_is_init
                0x0000000000028744       0x14 Output/Release/Obj/ble_app_uart_c_pca10056_s140/nrfx_gpiote.o
                0x0000000000028744                nrfx_gpiote_is_init
 .text.nrfx_gpiote_in_init
                0x0000000000028758       0xf8 Output/Release/Obj/ble_app_uart_c_pca10056_s140/nrfx_gpiote.o
                0x0000000000028758                nrfx_gpiote_in_init
 .text.nrfx_gpiote_in_event_enable
                0x0000000000028850       0x94 Output/Release/Obj/ble_app_uart_c_pca10056_s140/nrfx_gpiote.o
                0x0000000000028850                nrfx_gpiote_in_event_enable
 .text.nrfx_gpiote_in_is_set
                0x00000000000288e4       0x1c Output/Release/Obj/ble_app_uart_c_pca10056_s140/nrfx_gpiote.o
                0x00000000000288e4                nrfx_gpiote_in_is_set
 .text.GPIOTE_IRQHandler
                0x0000000000028900      0x1ac Output/Release/Obj/ble_app_uart_c_pca10056_s140/nrfx_gpiote.o
                0x0000000000028900                GPIOTE_IRQHandler
 .text.UARTE0_UART0_IRQHandler
                0x0000000000028aac        0xc Output/Release/Obj/ble_app_uart_c_pca10056_s140/nrfx_prs.o
                0x0000000000028aac                UARTE0_UART0_IRQHandler
 .text.nrfx_prs_acquire
                0x0000000000028ab8       0x44 Output/Release/Obj/ble_app_uart_c_pca10056_s140/nrfx_prs.o
                0x0000000000028ab8                nrfx_prs_acquire
 .text.nrf_uart_event_clear
                0x0000000000028afc       0x10 Output/Release/Obj/ble_app_uart_c_pca10056_s140/nrfx_uart.o
 .text.tx_byte  0x0000000000028b0c       0x1e Output/Release/Obj/ble_app_uart_c_pca10056_s140/nrfx_uart.o
 .text.rx_enable.isra.0
                0x0000000000028b2a       0x20 Output/Release/Obj/ble_app_uart_c_pca10056_s140/nrfx_uart.o
 .text.rx_byte  0x0000000000028b4a       0x2c Output/Release/Obj/ble_app_uart_c_pca10056_s140/nrfx_uart.o
 *fill*         0x0000000000028b76        0x2 
 .text.rx_done_event.constprop.0
                0x0000000000028b78       0x20 Output/Release/Obj/ble_app_uart_c_pca10056_s140/nrfx_uart.o
 .text.nrfx_uart_0_irq_handler
                0x0000000000028b98      0x138 Output/Release/Obj/ble_app_uart_c_pca10056_s140/nrfx_uart.o
                0x0000000000028b98                nrfx_uart_0_irq_handler
 .text.nrfx_uart_init
                0x0000000000028cd0      0x1ac Output/Release/Obj/ble_app_uart_c_pca10056_s140/nrfx_uart.o
                0x0000000000028cd0                nrfx_uart_init
 .text.nrfx_uart_tx
                0x0000000000028e7c       0x8c Output/Release/Obj/ble_app_uart_c_pca10056_s140/nrfx_uart.o
                0x0000000000028e7c                nrfx_uart_tx
 .text.nrfx_uart_tx_in_progress
                0x0000000000028f08       0x18 Output/Release/Obj/ble_app_uart_c_pca10056_s140/nrfx_uart.o
                0x0000000000028f08                nrfx_uart_tx_in_progress
 .text.nrfx_uart_rx
                0x0000000000028f20       0xf0 Output/Release/Obj/ble_app_uart_c_pca10056_s140/nrfx_uart.o
                0x0000000000028f20                nrfx_uart_rx
 .text.nrf_uarte_event_clear
                0x0000000000029010       0x10 Output/Release/Obj/ble_app_uart_c_pca10056_s140/nrfx_uarte.o
 .text.rx_done_event.constprop.0
                0x0000000000029020       0x20 Output/Release/Obj/ble_app_uart_c_pca10056_s140/nrfx_uarte.o
 .text.nrfx_uarte_0_irq_handler
                0x0000000000029040       0xe4 Output/Release/Obj/ble_app_uart_c_pca10056_s140/nrfx_uarte.o
                0x0000000000029040                nrfx_uarte_0_irq_handler
 .text.nrfx_uarte_init
                0x0000000000029124      0x1bc Output/Release/Obj/ble_app_uart_c_pca10056_s140/nrfx_uarte.o
                0x0000000000029124                nrfx_uarte_init
 .text.nrfx_uarte_tx
                0x00000000000292e0       0x84 Output/Release/Obj/ble_app_uart_c_pca10056_s140/nrfx_uarte.o
                0x00000000000292e0                nrfx_uarte_tx
 .text.nrfx_uarte_tx_in_progress
                0x0000000000029364       0x18 Output/Release/Obj/ble_app_uart_c_pca10056_s140/nrfx_uarte.o
                0x0000000000029364                nrfx_uarte_tx_in_progress
 .text.nrfx_uarte_rx
                0x000000000002937c       0xd8 Output/Release/Obj/ble_app_uart_c_pca10056_s140/nrfx_uarte.o
                0x000000000002937c                nrfx_uarte_rx
 .text.alert_timer_handler
                0x0000000000029454        0x6 Output/Release/Obj/ble_app_uart_c_pca10056_s140/bsp.o
 *fill*         0x000000000002945a        0x2 
 .text.bsp_button_event_handler
                0x000000000002945c       0x9c Output/Release/Obj/ble_app_uart_c_pca10056_s140/bsp.o
 .text.button_timer_handler
                0x00000000000294f8        0x8 Output/Release/Obj/ble_app_uart_c_pca10056_s140/bsp.o
 .text.leds_off
                0x0000000000029500       0x2c Output/Release/Obj/ble_app_uart_c_pca10056_s140/bsp.o
 .text.bsp_led_indication
                0x000000000002952c      0x204 Output/Release/Obj/ble_app_uart_c_pca10056_s140/bsp.o
 .text.leds_timer_handler
                0x0000000000029730       0x1c Output/Release/Obj/ble_app_uart_c_pca10056_s140/bsp.o
 .text.wakeup_button_cfg.part.0
                0x000000000002974c       0x40 Output/Release/Obj/ble_app_uart_c_pca10056_s140/bsp.o
 .text.bsp_button_is_pressed
                0x000000000002978c        0xc Output/Release/Obj/ble_app_uart_c_pca10056_s140/bsp.o
                0x000000000002978c                bsp_button_is_pressed
 .text.bsp_indication_set
                0x0000000000029798       0x18 Output/Release/Obj/ble_app_uart_c_pca10056_s140/bsp.o
                0x0000000000029798                bsp_indication_set
 .text.bsp_init
                0x00000000000297b0       0x9c Output/Release/Obj/ble_app_uart_c_pca10056_s140/bsp.o
                0x00000000000297b0                bsp_init
 .text.bsp_event_to_button_action_assign
                0x000000000002984c       0x4c Output/Release/Obj/ble_app_uart_c_pca10056_s140/bsp.o
                0x000000000002984c                bsp_event_to_button_action_assign
 .text.bsp_wakeup_button_enable
                0x0000000000029898        0xe Output/Release/Obj/ble_app_uart_c_pca10056_s140/bsp.o
                0x0000000000029898                bsp_wakeup_button_enable
 .text.advertising_buttons_configure
                0x00000000000298a6       0x36 Output/Release/Obj/ble_app_uart_c_pca10056_s140/bsp_btn_ble.o
 .text.ble_evt_handler
                0x00000000000298dc       0x80 Output/Release/Obj/ble_app_uart_c_pca10056_s140/bsp_btn_ble.o
 .text.bsp_btn_ble_sleep_mode_prepare
                0x000000000002995c       0x1e Output/Release/Obj/ble_app_uart_c_pca10056_s140/bsp_btn_ble.o
                0x000000000002995c                bsp_btn_ble_sleep_mode_prepare
 *fill*         0x000000000002997a        0x2 
 .text.bsp_btn_ble_init
                0x000000000002997c       0x40 Output/Release/Obj/ble_app_uart_c_pca10056_s140/bsp_btn_ble.o
                0x000000000002997c                bsp_btn_ble_init
 .text.NVIC_SystemReset
                0x00000000000299bc       0x24 Output/Release/Obj/ble_app_uart_c_pca10056_s140/main.o
 .text.sd_ble_gap_conn_param_update
                0x00000000000299e0        0x4 Output/Release/Obj/ble_app_uart_c_pca10056_s140/main.o
 .text.sd_ble_gap_disconnect
                0x00000000000299e4        0x4 Output/Release/Obj/ble_app_uart_c_pca10056_s140/main.o
 .text.sd_ble_gap_sec_params_reply
                0x00000000000299e8        0x4 Output/Release/Obj/ble_app_uart_c_pca10056_s140/main.o
 .text.sd_ble_gap_phy_update
                0x00000000000299ec        0x4 Output/Release/Obj/ble_app_uart_c_pca10056_s140/main.o
 .text.db_disc_handler
                0x00000000000299f0        0xc Output/Release/Obj/ble_app_uart_c_pca10056_s140/main.o
 .text.ble_evt_handler
                0x00000000000299fc       0xe8 Output/Release/Obj/ble_app_uart_c_pca10056_s140/main.o
 .text.scan_start
                0x0000000000029ae4       0x24 Output/Release/Obj/ble_app_uart_c_pca10056_s140/main.o
 .text.uart_event_handle
                0x0000000000029b08       0xac Output/Release/Obj/ble_app_uart_c_pca10056_s140/main.o
                0x0000000000029b08                uart_event_handle
 .text.shutdown_handler
                0x0000000000029bb4       0x20 Output/Release/Obj/ble_app_uart_c_pca10056_s140/main.o
 .text.gatt_evt_handler
                0x0000000000029bd4       0x58 Output/Release/Obj/ble_app_uart_c_pca10056_s140/main.o
                0x0000000000029bd4                gatt_evt_handler
 .text.bsp_event_handler
                0x0000000000029c2c       0x34 Output/Release/Obj/ble_app_uart_c_pca10056_s140/main.o
                0x0000000000029c2c                bsp_event_handler
 .text.scan_evt_handler
                0x0000000000029c60       0x7c Output/Release/Obj/ble_app_uart_c_pca10056_s140/main.o
 .text.nrf_delay_ms.part.0
                0x0000000000029cdc       0x1c Output/Release/Obj/ble_app_uart_c_pca10056_s140/main.o
 .text.at_send  0x0000000000029cf8       0x44 Output/Release/Obj/ble_app_uart_c_pca10056_s140/main.o
 .text.checkMsgMQTT
                0x0000000000029d3c       0x40 Output/Release/Obj/ble_app_uart_c_pca10056_s140/main.o
                0x0000000000029d3c                checkMsgMQTT
 .text.lte_check
                0x0000000000029d7c       0x2c Output/Release/Obj/ble_app_uart_c_pca10056_s140/main.o
                0x0000000000029d7c                lte_check
 .text.checkMsg
                0x0000000000029da8       0x64 Output/Release/Obj/ble_app_uart_c_pca10056_s140/main.o
                0x0000000000029da8                checkMsg
 .text.lte_setup
                0x0000000000029e0c      0x194 Output/Release/Obj/ble_app_uart_c_pca10056_s140/main.o
                0x0000000000029e0c                lte_setup
 .text.sendlte  0x0000000000029fa0       0x3c Output/Release/Obj/ble_app_uart_c_pca10056_s140/main.o
                0x0000000000029fa0                sendlte
 .text.resetmap
                0x0000000000029fdc        0xa Output/Release/Obj/ble_app_uart_c_pca10056_s140/main.o
                0x0000000000029fdc                resetmap
 *fill*         0x0000000000029fe6        0x2 
 .text.rptevt   0x0000000000029fe8       0x40 Output/Release/Obj/ble_app_uart_c_pca10056_s140/main.o
                0x0000000000029fe8                rptevt
 .text.lte_timer_handler
                0x000000000002a028       0x28 Output/Release/Obj/ble_app_uart_c_pca10056_s140/main.o
 .text.readBleHeo
                0x000000000002a050       0x2c Output/Release/Obj/ble_app_uart_c_pca10056_s140/main.o
                0x000000000002a050                readBleHeo
 .text.ble_nus_c_evt_handler
                0x000000000002a07c       0x90 Output/Release/Obj/ble_app_uart_c_pca10056_s140/main.o
 .text.gatt_init
                0x000000000002a10c       0x2c Output/Release/Obj/ble_app_uart_c_pca10056_s140/main.o
                0x000000000002a10c                gatt_init
 .text.startup.main
                0x000000000002a138      0x1a8 Output/Release/Obj/ble_app_uart_c_pca10056_s140/main.o
                0x000000000002a138                main
 .text._GetAvailWriteSpace
                0x000000000002a2e0       0x1c Output/Release/Obj/ble_app_uart_c_pca10056_s140/SEGGER_RTT.o
 .text._WriteNoCheck
                0x000000000002a2fc       0x38 Output/Release/Obj/ble_app_uart_c_pca10056_s140/SEGGER_RTT.o
 .text._WriteBlocking
                0x000000000002a334       0x52 Output/Release/Obj/ble_app_uart_c_pca10056_s140/SEGGER_RTT.o
 *fill*         0x000000000002a386        0x2 
 .text._DoInit  0x000000000002a388       0x60 Output/Release/Obj/ble_app_uart_c_pca10056_s140/SEGGER_RTT.o
 .text.SEGGER_RTT_WriteNoLock
                0x000000000002a3e8       0x68 Output/Release/Obj/ble_app_uart_c_pca10056_s140/SEGGER_RTT.o
                0x000000000002a3e8                SEGGER_RTT_WriteNoLock
 .text.SEGGER_RTT_Init
                0x000000000002a450        0x4 Output/Release/Obj/ble_app_uart_c_pca10056_s140/SEGGER_RTT.o
                0x000000000002a450                SEGGER_RTT_Init
 .text.sd_ble_uuid_encode
                0x000000000002a454        0x4 Output/Release/Obj/ble_app_uart_c_pca10056_s140/ble_advdata.o
 .text.ble_advdata_search
                0x000000000002a458       0x38 Output/Release/Obj/ble_app_uart_c_pca10056_s140/ble_advdata.o
                0x000000000002a458                ble_advdata_search
 .text.ble_advdata_uuid_find
                0x000000000002a490       0x9a Output/Release/Obj/ble_app_uart_c_pca10056_s140/ble_advdata.o
                0x000000000002a490                ble_advdata_uuid_find
 .text.sd_ble_gattc_primary_services_discover
                0x000000000002a52a        0x4 Output/Release/Obj/ble_app_uart_c_pca10056_s140/ble_db_discovery.o
 .text.sd_ble_gattc_characteristics_discover
                0x000000000002a52e        0x4 Output/Release/Obj/ble_app_uart_c_pca10056_s140/ble_db_discovery.o
 .text.sd_ble_gattc_descriptors_discover
                0x000000000002a532        0x4 Output/Release/Obj/ble_app_uart_c_pca10056_s140/ble_db_discovery.o
 *fill*         0x000000000002a536        0x2 
 .text.registered_handler_get
                0x000000000002a538       0x3c Output/Release/Obj/ble_app_uart_c_pca10056_s140/ble_db_discovery.o
 .text.discovery_error_evt_trigger
                0x000000000002a574       0x38 Output/Release/Obj/ble_app_uart_c_pca10056_s140/ble_db_discovery.o
 .text.discovery_complete_evt_trigger
                0x000000000002a5ac       0x90 Output/Release/Obj/ble_app_uart_c_pca10056_s140/ble_db_discovery.o
 .text.characteristics_discover
                0x000000000002a63c       0x4a Output/Release/Obj/ble_app_uart_c_pca10056_s140/ble_db_discovery.o
 *fill*         0x000000000002a686        0x2 
 .text.discovery_start
                0x000000000002a688       0x60 Output/Release/Obj/ble_app_uart_c_pca10056_s140/ble_db_discovery.o
 .text.on_srv_disc_completion
                0x000000000002a6e8       0x74 Output/Release/Obj/ble_app_uart_c_pca10056_s140/ble_db_discovery.o
 .text.descriptors_discover
                0x000000000002a75c       0xb6 Output/Release/Obj/ble_app_uart_c_pca10056_s140/ble_db_discovery.o
 *fill*         0x000000000002a812        0x2 
 .text.ble_db_discovery_init
                0x000000000002a814       0x30 Output/Release/Obj/ble_app_uart_c_pca10056_s140/ble_db_discovery.o
                0x000000000002a814                ble_db_discovery_init
 .text.ble_db_discovery_evt_register
                0x000000000002a844       0x44 Output/Release/Obj/ble_app_uart_c_pca10056_s140/ble_db_discovery.o
                0x000000000002a844                ble_db_discovery_evt_register
 .text.ble_db_discovery_start
                0x000000000002a888       0x2c Output/Release/Obj/ble_app_uart_c_pca10056_s140/ble_db_discovery.o
                0x000000000002a888                ble_db_discovery_start
 .text.ble_db_discovery_on_ble_evt
                0x000000000002a8b4      0x270 Output/Release/Obj/ble_app_uart_c_pca10056_s140/ble_db_discovery.o
                0x000000000002a8b4                ble_db_discovery_on_ble_evt
 .text.sd_ble_gap_data_length_update
                0x000000000002ab24        0x4 Output/Release/Obj/ble_app_uart_c_pca10056_s140/nrf_ble_gatt.o
 .text.sd_ble_gattc_exchange_mtu_request
                0x000000000002ab28        0x4 Output/Release/Obj/ble_app_uart_c_pca10056_s140/nrf_ble_gatt.o
 .text.sd_ble_gatts_exchange_mtu_reply
                0x000000000002ab2c        0x4 Output/Release/Obj/ble_app_uart_c_pca10056_s140/nrf_ble_gatt.o
 .text.data_length_update
                0x000000000002ab30       0x80 Output/Release/Obj/ble_app_uart_c_pca10056_s140/nrf_ble_gatt.o
 .text.nrf_ble_gatt_init
                0x000000000002abb0       0x28 Output/Release/Obj/ble_app_uart_c_pca10056_s140/nrf_ble_gatt.o
                0x000000000002abb0                nrf_ble_gatt_init
 .text.nrf_ble_gatt_att_mtu_central_set
                0x000000000002abd8       0x18 Output/Release/Obj/ble_app_uart_c_pca10056_s140/nrf_ble_gatt.o
                0x000000000002abd8                nrf_ble_gatt_att_mtu_central_set
 .text.nrf_ble_gatt_on_ble_evt
                0x000000000002abf0      0x198 Output/Release/Obj/ble_app_uart_c_pca10056_s140/nrf_ble_gatt.o
                0x000000000002abf0                nrf_ble_gatt_on_ble_evt
 .text.sd_ble_gap_scan_start
                0x000000000002ad88        0x4 Output/Release/Obj/ble_app_uart_c_pca10056_s140/nrf_ble_scan.o
 .text.sd_ble_gap_scan_stop
                0x000000000002ad8c        0x4 Output/Release/Obj/ble_app_uart_c_pca10056_s140/nrf_ble_scan.o
 .text.sd_ble_gap_connect
                0x000000000002ad90        0x4 Output/Release/Obj/ble_app_uart_c_pca10056_s140/nrf_ble_scan.o
 .text.nrf_ble_scan_connect_with_target
                0x000000000002ad94       0x44 Output/Release/Obj/ble_app_uart_c_pca10056_s140/nrf_ble_scan.o
 .text.nrf_ble_scan_filter_set
                0x000000000002add8       0x2e Output/Release/Obj/ble_app_uart_c_pca10056_s140/nrf_ble_scan.o
                0x000000000002add8                nrf_ble_scan_filter_set
 .text.nrf_ble_scan_filters_enable
                0x000000000002ae06       0x20 Output/Release/Obj/ble_app_uart_c_pca10056_s140/nrf_ble_scan.o
                0x000000000002ae06                nrf_ble_scan_filters_enable
 .text.is_whitelist_used
                0x000000000002ae26        0x8 Output/Release/Obj/ble_app_uart_c_pca10056_s140/nrf_ble_scan.o
                0x000000000002ae26                is_whitelist_used
 .text.nrf_ble_scan_init
                0x000000000002ae2e       0xb4 Output/Release/Obj/ble_app_uart_c_pca10056_s140/nrf_ble_scan.o
                0x000000000002ae2e                nrf_ble_scan_init
 *fill*         0x000000000002aee2        0x2 
 .text.nrf_ble_scan_start
                0x000000000002aee4       0x6c Output/Release/Obj/ble_app_uart_c_pca10056_s140/nrf_ble_scan.o
                0x000000000002aee4                nrf_ble_scan_start
 .text.nrf_ble_scan_on_ble_evt
                0x000000000002af50      0x1a4 Output/Release/Obj/ble_app_uart_c_pca10056_s140/nrf_ble_scan.o
                0x000000000002af50                nrf_ble_scan_on_ble_evt
 .text.sd_ble_gattc_write
                0x000000000002b0f4        0x4 Output/Release/Obj/ble_app_uart_c_pca10056_s140/ble_nus_c.o
 .text.sd_ble_uuid_vs_add
                0x000000000002b0f8        0x4 Output/Release/Obj/ble_app_uart_c_pca10056_s140/ble_nus_c.o
 .text.ble_nus_c_on_db_disc_evt
                0x000000000002b0fc       0x94 Output/Release/Obj/ble_app_uart_c_pca10056_s140/ble_nus_c.o
                0x000000000002b0fc                ble_nus_c_on_db_disc_evt
 .text.ble_nus_c_init
                0x000000000002b190       0x5c Output/Release/Obj/ble_app_uart_c_pca10056_s140/ble_nus_c.o
                0x000000000002b190                ble_nus_c_init
 .text.ble_nus_c_on_ble_evt
                0x000000000002b1ec       0x6c Output/Release/Obj/ble_app_uart_c_pca10056_s140/ble_nus_c.o
                0x000000000002b1ec                ble_nus_c_on_ble_evt
 .text.ble_nus_c_tx_notif_enable
                0x000000000002b258       0x44 Output/Release/Obj/ble_app_uart_c_pca10056_s140/ble_nus_c.o
                0x000000000002b258                ble_nus_c_tx_notif_enable
 .text.ble_nus_c_handles_assign
                0x000000000002b29c       0x1a Output/Release/Obj/ble_app_uart_c_pca10056_s140/ble_nus_c.o
                0x000000000002b29c                ble_nus_c_handles_assign
 .text.sd_softdevice_enable
                0x000000000002b2b6        0x4 Output/Release/Obj/ble_app_uart_c_pca10056_s140/nrf_sdh.o
 *fill*         0x000000000002b2ba        0x2 
 .text.sdh_request_observer_notify
                0x000000000002b2bc       0x30 Output/Release/Obj/ble_app_uart_c_pca10056_s140/nrf_sdh.o
 .text.sdh_state_observer_notify
                0x000000000002b2ec       0x28 Output/Release/Obj/ble_app_uart_c_pca10056_s140/nrf_sdh.o
 .text.softdevices_evt_irq_enable
                0x000000000002b314       0x38 Output/Release/Obj/ble_app_uart_c_pca10056_s140/nrf_sdh.o
 .text.nrf_sdh_enable_request
                0x000000000002b34c       0x7c Output/Release/Obj/ble_app_uart_c_pca10056_s140/nrf_sdh.o
                0x000000000002b34c                nrf_sdh_enable_request
 .text.nrf_sdh_is_enabled
                0x000000000002b3c8        0xc Output/Release/Obj/ble_app_uart_c_pca10056_s140/nrf_sdh.o
                0x000000000002b3c8                nrf_sdh_is_enabled
 .text.nrf_sdh_evts_poll
                0x000000000002b3d4       0x28 Output/Release/Obj/ble_app_uart_c_pca10056_s140/nrf_sdh.o
                0x000000000002b3d4                nrf_sdh_evts_poll
 .text.SWI2_EGU2_IRQHandler
                0x000000000002b3fc        0x4 Output/Release/Obj/ble_app_uart_c_pca10056_s140/nrf_sdh.o
                0x000000000002b3fc                SWI2_EGU2_IRQHandler
 .text.sd_ble_enable
                0x000000000002b400        0x4 Output/Release/Obj/ble_app_uart_c_pca10056_s140/nrf_sdh_ble.o
 .text.sd_ble_cfg_set
                0x000000000002b404        0x4 Output/Release/Obj/ble_app_uart_c_pca10056_s140/nrf_sdh_ble.o
 .text.sd_ble_evt_get
                0x000000000002b408        0x4 Output/Release/Obj/ble_app_uart_c_pca10056_s140/nrf_sdh_ble.o
 .text.nrf_sdh_ble_evts_poll.part.0
                0x000000000002b40c       0x4c Output/Release/Obj/ble_app_uart_c_pca10056_s140/nrf_sdh_ble.o
 .text.nrf_sdh_ble_evts_poll
                0x000000000002b458       0x10 Output/Release/Obj/ble_app_uart_c_pca10056_s140/nrf_sdh_ble.o
 .text.nrf_sdh_ble_default_cfg_set
                0x000000000002b468      0x1a4 Output/Release/Obj/ble_app_uart_c_pca10056_s140/nrf_sdh_ble.o
                0x000000000002b468                nrf_sdh_ble_default_cfg_set
 .text.nrf_sdh_ble_enable
                0x000000000002b60c       0x98 Output/Release/Obj/ble_app_uart_c_pca10056_s140/nrf_sdh_ble.o
                0x000000000002b60c                nrf_sdh_ble_enable
 .text.sd_evt_get
                0x000000000002b6a4        0x4 Output/Release/Obj/ble_app_uart_c_pca10056_s140/nrf_sdh_soc.o
 .text.nrf_sdh_soc_evts_poll
                0x000000000002b6a8       0x3c Output/Release/Obj/ble_app_uart_c_pca10056_s140/nrf_sdh_soc.o
 .text.nrf_cal_get_time
                0x000000000002b6e4       0x3c Output/Release/Obj/ble_app_uart_c_pca10056_s140/nrf_calendar.o
                0x000000000002b6e4                nrf_cal_get_time
 .text.nrf_cal_get_time_calibrated
                0x000000000002b720       0x7c Output/Release/Obj/ble_app_uart_c_pca10056_s140/nrf_calendar.o
                0x000000000002b720                nrf_cal_get_time_calibrated
 .text.RTC2_IRQHandler
                0x000000000002b79c       0x38 Output/Release/Obj/ble_app_uart_c_pca10056_s140/nrf_calendar.o
                0x000000000002b79c                RTC2_IRQHandler
 .text.libc.__int64_udivmod
                0x000000000002b7d4       0xce C:/Program Files/SEGGER/SEGGER Embedded Studio for ARM 5.20a/lib/libc_v7em_fpv4_sp_d16_hard_t_le_eabi.a(libc_asm.o)
                0x000000000002b7d4                __aeabi_uldivmod
                0x000000000002b7d4                __int64_udiv
                0x000000000002b7d4                __udivdi3
                0x000000000002b7d4                __int64_udivmod
 *fill*         0x000000000002b8a2        0x2 
 .text.libc.__RAL_ascii_isctype
                0x000000000002b8a4       0x1c C:/Program Files/SEGGER/SEGGER Embedded Studio for ARM 5.20a/lib/libc_v7em_fpv4_sp_d16_hard_t_le_eabi.a(libc2.o)
 .text.libc.__RAL_ascii_toupper
                0x000000000002b8c0        0xc C:/Program Files/SEGGER/SEGGER Embedded Studio for ARM 5.20a/lib/libc_v7em_fpv4_sp_d16_hard_t_le_eabi.a(libc2.o)
 .text.libc.__RAL_ascii_tolower
                0x000000000002b8cc        0xc C:/Program Files/SEGGER/SEGGER Embedded Studio for ARM 5.20a/lib/libc_v7em_fpv4_sp_d16_hard_t_le_eabi.a(libc2.o)
 .text.libc.__RAL_ascii_iswctype
                0x000000000002b8d8       0x1c C:/Program Files/SEGGER/SEGGER Embedded Studio for ARM 5.20a/lib/libc_v7em_fpv4_sp_d16_hard_t_le_eabi.a(libc2.o)
 .text.libc.__RAL_ascii_towupper
                0x000000000002b8f4        0xc C:/Program Files/SEGGER/SEGGER Embedded Studio for ARM 5.20a/lib/libc_v7em_fpv4_sp_d16_hard_t_le_eabi.a(libc2.o)
 .text.libc.__RAL_ascii_towlower
                0x000000000002b900        0xc C:/Program Files/SEGGER/SEGGER Embedded Studio for ARM 5.20a/lib/libc_v7em_fpv4_sp_d16_hard_t_le_eabi.a(libc2.o)
 .text.libc.__RAL_ascii_wctomb
                0x000000000002b90c        0xe C:/Program Files/SEGGER/SEGGER Embedded Studio for ARM 5.20a/lib/libc_v7em_fpv4_sp_d16_hard_t_le_eabi.a(libc2.o)
                0x000000000002b90c                __RAL_ascii_wctomb
 .text.libc.__RAL_ascii_mbtowc
                0x000000000002b91a       0x24 C:/Program Files/SEGGER/SEGGER Embedded Studio for ARM 5.20a/lib/libc_v7em_fpv4_sp_d16_hard_t_le_eabi.a(libc2.o)
                0x000000000002b91a                __RAL_ascii_mbtowc
 .text.libc.__putc
                0x000000000002b93e       0x34 C:/Program Files/SEGGER/SEGGER Embedded Studio for ARM 5.20a/lib/libc_v7em_fpv4_sp_d16_hard_t_le_eabi.a(libc2.o)
                0x000000000002b93e                __putc
 .text.libc.__RAL_print_padding
                0x000000000002b972       0x1c C:/Program Files/SEGGER/SEGGER Embedded Studio for ARM 5.20a/lib/libc_v7em_fpv4_sp_d16_hard_t_le_eabi.a(libc2.o)
                0x000000000002b972                __RAL_print_padding
 .text.libc.__RAL_pre_padding
                0x000000000002b98e       0x1a C:/Program Files/SEGGER/SEGGER Embedded Studio for ARM 5.20a/lib/libc_v7em_fpv4_sp_d16_hard_t_le_eabi.a(libc2.o)
                0x000000000002b98e                __RAL_pre_padding
 .text.libc.__RAL_isctype
                0x000000000002b9a8       0x14 C:/Program Files/SEGGER/SEGGER Embedded Studio for ARM 5.20a/lib/libc_v7em_fpv4_sp_d16_hard_t_le_eabi.a(libc2.o)
                0x000000000002b9a8                __RAL_isctype
 .text.libc.isprint
                0x000000000002b9bc        0xa C:/Program Files/SEGGER/SEGGER Embedded Studio for ARM 5.20a/lib/libc_v7em_fpv4_sp_d16_hard_t_le_eabi.a(libc2.o)
                0x000000000002b9bc                isprint
 .text.libc.ldiv
                0x000000000002b9c6       0x22 C:/Program Files/SEGGER/SEGGER Embedded Studio for ARM 5.20a/lib/libc_v7em_fpv4_sp_d16_hard_t_le_eabi.a(libc2.o)
                0x000000000002b9c6                ldiv
 .text.libc.memcmp
                0x000000000002b9e8       0x66 C:/Program Files/SEGGER/SEGGER Embedded Studio for ARM 5.20a/lib/libc_v7em_fpv4_sp_d16_hard_t_le_eabi.a(libc2.o)
                0x000000000002b9e8                memcmp
 *fill*         0x000000000002ba4e        0x2 
 .text.libc.printf
                0x000000000002ba50       0x40 C:/Program Files/SEGGER/SEGGER Embedded Studio for ARM 5.20a/lib/libc_v7em_fpv4_sp_d16_hard_t_le_eabi.a(libc2.o)
                0x000000000002ba50                printf
 .text.libc.sprintf
                0x000000000002ba90       0x2a C:/Program Files/SEGGER/SEGGER Embedded Studio for ARM 5.20a/lib/libc_v7em_fpv4_sp_d16_hard_t_le_eabi.a(libc2.o)
                0x000000000002ba90                sprintf
 .text.libc.strnlen
                0x000000000002baba       0x22 C:/Program Files/SEGGER/SEGGER Embedded Studio for ARM 5.20a/lib/libc_v7em_fpv4_sp_d16_hard_t_le_eabi.a(libc2.o)
                0x000000000002baba                strnlen
 .text.libc.strstr
                0x000000000002badc       0x40 C:/Program Files/SEGGER/SEGGER Embedded Studio for ARM 5.20a/lib/libc_v7em_fpv4_sp_d16_hard_t_le_eabi.a(libc2.o)
                0x000000000002badc                strstr
 .text.libc.localtime_r
                0x000000000002bb1c      0x158 C:/Program Files/SEGGER/SEGGER Embedded Studio for ARM 5.20a/lib/libc_v7em_fpv4_sp_d16_hard_t_le_eabi.a(libc2.o)
                0x000000000002bb1c                localtime_r
 .text.libc.localtime
                0x000000000002bc74       0x14 C:/Program Files/SEGGER/SEGGER Embedded Studio for ARM 5.20a/lib/libc_v7em_fpv4_sp_d16_hard_t_le_eabi.a(libc2.o)
                0x000000000002bc74                localtime
 .text.libc.memcpy
                0x000000000002bc88       0x52 C:/Program Files/SEGGER/SEGGER Embedded Studio for ARM 5.20a/lib/libc_v7em_fpv4_sp_d16_hard_t_le_eabi.a(libc2_asm.o)
                0x000000000002bc88                __aeabi_memcpy
                0x000000000002bc88                memcpy
                0x000000000002bc94                __aeabi_memcpy8
                0x000000000002bc94                __aeabi_memcpy4
 .text.libc.memset
                0x000000000002bcda       0x66 C:/Program Files/SEGGER/SEGGER Embedded Studio for ARM 5.20a/lib/libc_v7em_fpv4_sp_d16_hard_t_le_eabi.a(libc2_asm.o)
                0x000000000002bcda                memset
 .text.libc.strcpy
                0x000000000002bd40       0x44 C:/Program Files/SEGGER/SEGGER Embedded Studio for ARM 5.20a/lib/libc_v7em_fpv4_sp_d16_hard_t_le_eabi.a(libc2_asm.o)
                0x000000000002bd40                strcpy
 .text.libc.strlen
                0x000000000002bd84       0x60 C:/Program Files/SEGGER/SEGGER Embedded Studio for ARM 5.20a/lib/libc_v7em_fpv4_sp_d16_hard_t_le_eabi.a(libc2_asm.o)
                0x000000000002bd84                strlen
 .text.libc.__vfprintf_long
                0x000000000002bde4      0x634 C:/Program Files/SEGGER/SEGGER Embedded Studio for ARM 5.20a/lib/libc_v7em_fpv4_sp_d16_hard_t_le_eabi.a(libvfprintf.o)
                0x000000000002bde4                __vfprintf_long
 .text.libc.__printf_lock
                0x000000000002c418        0x2 C:/Program Files/SEGGER/SEGGER Embedded Studio for ARM 5.20a/lib/libc_v7em_fpv4_sp_d16_hard_t_le_eabi.a(libc.o)
                0x000000000002c418                __printf_lock
 .text.libc.__printf_unlock
                0x000000000002c41a        0x2 C:/Program Files/SEGGER/SEGGER Embedded Studio for ARM 5.20a/lib/libc_v7em_fpv4_sp_d16_hard_t_le_eabi.a(libc.o)
                0x000000000002c41a                __printf_unlock
                0x000000000002c41c                __text_end__ = (__text_start__ + SIZEOF (.text))
                0x0000000000006048                __text_size__ = SIZEOF (.text)
                0x000000000002c41c                __text_load_end__ = __text_end__

.vfp11_veneer   0x0000000100000000        0x0
 .vfp11_veneer  0x0000000100000000        0x0 linker stubs

.v4_bx          0x0000000100000000        0x0
 .v4_bx         0x0000000100000000        0x0 linker stubs

.iplt           0x0000000100000000        0x0
 .iplt          0x0000000100000000        0x0 Output/Release/Obj/ble_app_uart_c_pca10056_s140/thumb_crt0.o
                0x0000000000000001                . = ASSERT (((__text_start__ == __text_end__) || ((__text_end__ - __FLASH_segment_start__) <= __FLASH_segment_size__)), error: .text is too large to fit in FLASH memory segment)
                0x000000000002c41c                __sdh_soc_observers_load_start__ = ALIGN (__text_end__, 0x4)

.sdh_soc_observers
                0x000000000002c41c        0x8
                0x000000000002c41c                __sdh_soc_observers_start__ = .
                0x000000000002c41c                __start_sdh_soc_observers = __sdh_soc_observers_start__
 *(SORT_BY_NAME(.sdh_soc_observers*))
 .sdh_soc_observers0
                0x000000000002c41c        0x8 Output/Release/Obj/ble_app_uart_c_pca10056_s140/nrf_drv_clock.o
                0x000000000002c424                __sdh_soc_observers_end__ = (__sdh_soc_observers_start__ + SIZEOF (.sdh_soc_observers))
                0x0000000000000008                __sdh_soc_observers_size__ = SIZEOF (.sdh_soc_observers)
                0x000000000002c424                __stop_sdh_soc_observers = __sdh_soc_observers_end__
                0x000000000002c424                __sdh_soc_observers_load_end__ = __sdh_soc_observers_end__
                0x0000000000000001                . = ASSERT (((__sdh_soc_observers_start__ == __sdh_soc_observers_end__) || ((__sdh_soc_observers_end__ - __FLASH_segment_start__) <= __FLASH_segment_size__)), error: .sdh_soc_observers is too large to fit in FLASH memory segment)
                0x000000000002c424                __pwr_mgmt_data_load_start__ = ALIGN (__sdh_soc_observers_end__, 0x4)

.pwr_mgmt_data  0x000000000002c424        0x4
                0x000000000002c424                __pwr_mgmt_data_start__ = .
                0x000000000002c424                __start_pwr_mgmt_data = __pwr_mgmt_data_start__
 *(SORT_BY_NAME(.pwr_mgmt_data*))
 .pwr_mgmt_data1
                0x000000000002c424        0x4 Output/Release/Obj/ble_app_uart_c_pca10056_s140/main.o
                0x000000000002c428                __pwr_mgmt_data_end__ = (__pwr_mgmt_data_start__ + SIZEOF (.pwr_mgmt_data))
                0x0000000000000004                __pwr_mgmt_data_size__ = SIZEOF (.pwr_mgmt_data)
                0x000000000002c428                __stop_pwr_mgmt_data = __pwr_mgmt_data_end__
                0x000000000002c428                __pwr_mgmt_data_load_end__ = __pwr_mgmt_data_end__
                0x0000000000000001                . = ASSERT (((__pwr_mgmt_data_start__ == __pwr_mgmt_data_end__) || ((__pwr_mgmt_data_end__ - __FLASH_segment_start__) <= __FLASH_segment_size__)), error: .pwr_mgmt_data is too large to fit in FLASH memory segment)
                0x000000000002c428                __log_const_data_load_start__ = ALIGN (__pwr_mgmt_data_end__, 0x4)

.log_const_data
                0x000000000002c428       0x78
                0x000000000002c428                __log_const_data_start__ = .
                0x000000000002c428                __start_log_const_data = __log_const_data_start__
 *(SORT_BY_NAME(.log_const_data*))
 .log_const_data_CLOCK
                0x000000000002c428        0x8 Output/Release/Obj/ble_app_uart_c_pca10056_s140/nrfx_clock.o
                0x000000000002c428                m_nrf_log_CLOCK_logs_data_const
 .log_const_data_GPIOTE
                0x000000000002c430        0x8 Output/Release/Obj/ble_app_uart_c_pca10056_s140/nrfx_gpiote.o
                0x000000000002c430                m_nrf_log_GPIOTE_logs_data_const
 .log_const_data_PRS
                0x000000000002c438        0x8 Output/Release/Obj/ble_app_uart_c_pca10056_s140/nrfx_prs.o
                0x000000000002c438                m_nrf_log_PRS_logs_data_const
 .log_const_data_UART
                0x000000000002c440        0x8 Output/Release/Obj/ble_app_uart_c_pca10056_s140/nrfx_uart.o
                0x000000000002c440                m_nrf_log_UART_logs_data_const
 .log_const_data_UARTE
                0x000000000002c448        0x8 Output/Release/Obj/ble_app_uart_c_pca10056_s140/nrfx_uarte.o
                0x000000000002c448                m_nrf_log_UARTE_logs_data_const
 .log_const_data_app
                0x000000000002c450        0x8 Output/Release/Obj/ble_app_uart_c_pca10056_s140/nrf_log_frontend.o
                0x000000000002c450                m_nrf_log_app_logs_data_const
 .log_const_data_ble_db_disc
                0x000000000002c458        0x8 Output/Release/Obj/ble_app_uart_c_pca10056_s140/ble_db_discovery.o
                0x000000000002c458                m_nrf_log_ble_db_disc_logs_data_const
 .log_const_data_ble_nus_c
                0x000000000002c460        0x8 Output/Release/Obj/ble_app_uart_c_pca10056_s140/ble_nus_c.o
                0x000000000002c460                m_nrf_log_ble_nus_c_logs_data_const
 .log_const_data_ble_scan
                0x000000000002c468        0x8 Output/Release/Obj/ble_app_uart_c_pca10056_s140/nrf_ble_scan.o
                0x000000000002c468                m_nrf_log_ble_scan_logs_data_const
 .log_const_data_clock
                0x000000000002c470        0x8 Output/Release/Obj/ble_app_uart_c_pca10056_s140/nrf_drv_clock.o
                0x000000000002c470                m_nrf_log_clock_logs_data_const
 .log_const_data_nrf_ble_gatt
                0x000000000002c478        0x8 Output/Release/Obj/ble_app_uart_c_pca10056_s140/nrf_ble_gatt.o
                0x000000000002c478                m_nrf_log_nrf_ble_gatt_logs_data_const
 .log_const_data_nrf_sdh
                0x000000000002c480        0x8 Output/Release/Obj/ble_app_uart_c_pca10056_s140/nrf_sdh.o
                0x000000000002c480                m_nrf_log_nrf_sdh_logs_data_const
 .log_const_data_nrf_sdh_ble
                0x000000000002c488        0x8 Output/Release/Obj/ble_app_uart_c_pca10056_s140/nrf_sdh_ble.o
                0x000000000002c488                m_nrf_log_nrf_sdh_ble_logs_data_const
 .log_const_data_nrf_sdh_soc
                0x000000000002c490        0x8 Output/Release/Obj/ble_app_uart_c_pca10056_s140/nrf_sdh_soc.o
                0x000000000002c490                m_nrf_log_nrf_sdh_soc_logs_data_const
 .log_const_data_pwr_mgmt
                0x000000000002c498        0x8 Output/Release/Obj/ble_app_uart_c_pca10056_s140/nrf_pwr_mgmt.o
                0x000000000002c498                m_nrf_log_pwr_mgmt_logs_data_const
                0x000000000002c4a0                __log_const_data_end__ = (__log_const_data_start__ + SIZEOF (.log_const_data))
                0x0000000000000078                __log_const_data_size__ = SIZEOF (.log_const_data)
                0x000000000002c4a0                __stop_log_const_data = __log_const_data_end__
                0x000000000002c4a0                __log_const_data_load_end__ = __log_const_data_end__
                0x0000000000000001                . = ASSERT (((__log_const_data_start__ == __log_const_data_end__) || ((__log_const_data_end__ - __FLASH_segment_start__) <= __FLASH_segment_size__)), error: .log_const_data is too large to fit in FLASH memory segment)
                0x000000000002c4a0                __nrf_balloc_load_start__ = ALIGN (__log_const_data_end__, 0x4)

.nrf_balloc     0x000000000002c4a0       0x14
                0x000000000002c4a0                __nrf_balloc_start__ = .
                0x000000000002c4a0                __start_nrf_balloc = __nrf_balloc_start__
 *(.nrf_balloc*)
 .nrf_balloc    0x000000000002c4a0       0x14 Output/Release/Obj/ble_app_uart_c_pca10056_s140/nrf_log_frontend.o
                0x000000000002c4a0                log_mempool
                0x000000000002c4b4                __nrf_balloc_end__ = (__nrf_balloc_start__ + SIZEOF (.nrf_balloc))
                0x0000000000000014                __nrf_balloc_size__ = SIZEOF (.nrf_balloc)
                0x000000000002c4b4                __stop_nrf_balloc = __nrf_balloc_end__
                0x000000000002c4b4                __nrf_balloc_load_end__ = __nrf_balloc_end__
                0x0000000000000001                . = ASSERT (((__nrf_balloc_start__ == __nrf_balloc_end__) || ((__nrf_balloc_end__ - __FLASH_segment_start__) <= __FLASH_segment_size__)), error: .nrf_balloc is too large to fit in FLASH memory segment)
                0x000000000002c4b4                __sdh_req_observers_load_start__ = ALIGN (__nrf_balloc_end__, 0x4)

.sdh_req_observers
                0x000000000002c4b4        0x0
                0x000000000002c4b4                __sdh_req_observers_start__ = .
                0x000000000002c4b4                __start_sdh_req_observers = __sdh_req_observers_start__
 *(SORT_BY_NAME(.sdh_req_observers*))
                0x000000000002c4b4                __sdh_req_observers_end__ = (__sdh_req_observers_start__ + SIZEOF (.sdh_req_observers))
                0x0000000000000000                __sdh_req_observers_size__ = SIZEOF (.sdh_req_observers)
                0x000000000002c4b4                __stop_sdh_req_observers = __sdh_req_observers_end__
                0x000000000002c4b4                __sdh_req_observers_load_end__ = __sdh_req_observers_end__
                0x0000000000000001                . = ASSERT (((__sdh_req_observers_start__ == __sdh_req_observers_end__) || ((__sdh_req_observers_end__ - __FLASH_segment_start__) <= __FLASH_segment_size__)), error: .sdh_req_observers is too large to fit in FLASH memory segment)
                0x000000000002c4b4                __sdh_state_observers_load_start__ = ALIGN (__sdh_req_observers_end__, 0x4)

.sdh_state_observers
                0x000000000002c4b4        0x8
                0x000000000002c4b4                __sdh_state_observers_start__ = .
                0x000000000002c4b4                __start_sdh_state_observers = __sdh_state_observers_start__
 *(SORT_BY_NAME(.sdh_state_observers*))
 .sdh_state_observers0
                0x000000000002c4b4        0x8 Output/Release/Obj/ble_app_uart_c_pca10056_s140/nrf_drv_clock.o
                0x000000000002c4bc                __sdh_state_observers_end__ = (__sdh_state_observers_start__ + SIZEOF (.sdh_state_observers))
                0x0000000000000008                __sdh_state_observers_size__ = SIZEOF (.sdh_state_observers)
                0x000000000002c4bc                __stop_sdh_state_observers = __sdh_state_observers_end__
                0x000000000002c4bc                __sdh_state_observers_load_end__ = __sdh_state_observers_end__
                0x0000000000000001                . = ASSERT (((__sdh_state_observers_start__ == __sdh_state_observers_end__) || ((__sdh_state_observers_end__ - __FLASH_segment_start__) <= __FLASH_segment_size__)), error: .sdh_state_observers is too large to fit in FLASH memory segment)
                0x000000000002c4bc                __sdh_stack_observers_load_start__ = ALIGN (__sdh_state_observers_end__, 0x4)

.sdh_stack_observers
                0x000000000002c4bc       0x10
                0x000000000002c4bc                __sdh_stack_observers_start__ = .
                0x000000000002c4bc                __start_sdh_stack_observers = __sdh_stack_observers_start__
 *(SORT_BY_NAME(.sdh_stack_observers*))
 .sdh_stack_observers0
                0x000000000002c4bc        0x8 Output/Release/Obj/ble_app_uart_c_pca10056_s140/nrf_sdh_ble.o
 .sdh_stack_observers0
                0x000000000002c4c4        0x8 Output/Release/Obj/ble_app_uart_c_pca10056_s140/nrf_sdh_soc.o
                0x000000000002c4cc                __sdh_stack_observers_end__ = (__sdh_stack_observers_start__ + SIZEOF (.sdh_stack_observers))
                0x0000000000000010                __sdh_stack_observers_size__ = SIZEOF (.sdh_stack_observers)
                0x000000000002c4cc                __stop_sdh_stack_observers = __sdh_stack_observers_end__
                0x000000000002c4cc                __sdh_stack_observers_load_end__ = __sdh_stack_observers_end__
                0x0000000000000001                . = ASSERT (((__sdh_stack_observers_start__ == __sdh_stack_observers_end__) || ((__sdh_stack_observers_end__ - __FLASH_segment_start__) <= __FLASH_segment_size__)), error: .sdh_stack_observers is too large to fit in FLASH memory segment)
                0x000000000002c4cc                __nrf_queue_load_start__ = ALIGN (__sdh_stack_observers_end__, 0x4)

.nrf_queue      0x000000000002c4cc        0x0
                0x000000000002c4cc                __nrf_queue_start__ = .
                0x000000000002c4cc                __start_nrf_queue = __nrf_queue_start__
 *(.nrf_queue*)
                0x000000000002c4cc                __nrf_queue_end__ = (__nrf_queue_start__ + SIZEOF (.nrf_queue))
                0x0000000000000000                __nrf_queue_size__ = SIZEOF (.nrf_queue)
                0x000000000002c4cc                __stop_nrf_queue = __nrf_queue_end__
                0x000000000002c4cc                __nrf_queue_load_end__ = __nrf_queue_end__
                0x0000000000000001                . = ASSERT (((__nrf_queue_start__ == __nrf_queue_end__) || ((__nrf_queue_end__ - __FLASH_segment_start__) <= __FLASH_segment_size__)), error: .nrf_queue is too large to fit in FLASH memory segment)
                0x000000000002c4cc                __cli_command_load_start__ = ALIGN (__nrf_queue_end__, 0x4)

.cli_command    0x000000000002c4cc        0x0
                0x000000000002c4cc                __cli_command_start__ = .
                0x000000000002c4cc                __start_cli_command = __cli_command_start__
 *(.cli_command*)
                0x000000000002c4cc                __cli_command_end__ = (__cli_command_start__ + SIZEOF (.cli_command))
                0x0000000000000000                __cli_command_size__ = SIZEOF (.cli_command)
                0x000000000002c4cc                __stop_cli_command = __cli_command_end__
                0x000000000002c4cc                __cli_command_load_end__ = __cli_command_end__
                0x0000000000000001                . = ASSERT (((__cli_command_start__ == __cli_command_end__) || ((__cli_command_end__ - __FLASH_segment_start__) <= __FLASH_segment_size__)), error: .cli_command is too large to fit in FLASH memory segment)
                0x000000000002c4cc                __crypto_data_load_start__ = ALIGN (__cli_command_end__, 0x4)

.crypto_data    0x000000000002c4cc        0x0
                0x000000000002c4cc                __crypto_data_start__ = .
                0x000000000002c4cc                __start_crypto_data = __crypto_data_start__
 *(SORT_BY_NAME(.crypto_data*))
                0x000000000002c4cc                __crypto_data_end__ = (__crypto_data_start__ + SIZEOF (.crypto_data))
                0x0000000000000000                __crypto_data_size__ = SIZEOF (.crypto_data)
                0x000000000002c4cc                __stop_crypto_data = __crypto_data_end__
                0x000000000002c4cc                __crypto_data_load_end__ = __crypto_data_end__
                0x0000000000000001                . = ASSERT (((__crypto_data_start__ == __crypto_data_end__) || ((__crypto_data_end__ - __FLASH_segment_start__) <= __FLASH_segment_size__)), error: .crypto_data is too large to fit in FLASH memory segment)
                0x000000000002c4cc                __sdh_ble_observers_load_start__ = ALIGN (__crypto_data_end__, 0x4)

.sdh_ble_observers
                0x000000000002c4cc       0x30
                0x000000000002c4cc                __sdh_ble_observers_start__ = .
                0x000000000002c4cc                __start_sdh_ble_observers = __sdh_ble_observers_start__
 *(SORT_BY_NAME(.sdh_ble_observers*))
 .sdh_ble_observers1
                0x000000000002c4cc        0x8 Output/Release/Obj/ble_app_uart_c_pca10056_s140/bsp_btn_ble.o
 .sdh_ble_observers1
                0x000000000002c4d4       0x18 Output/Release/Obj/ble_app_uart_c_pca10056_s140/main.o
 .sdh_ble_observers2
                0x000000000002c4ec        0x8 Output/Release/Obj/ble_app_uart_c_pca10056_s140/main.o
 .sdh_ble_observers3
                0x000000000002c4f4        0x8 Output/Release/Obj/ble_app_uart_c_pca10056_s140/main.o
                0x000000000002c4fc                __sdh_ble_observers_end__ = (__sdh_ble_observers_start__ + SIZEOF (.sdh_ble_observers))
                0x0000000000000030                __sdh_ble_observers_size__ = SIZEOF (.sdh_ble_observers)
                0x000000000002c4fc                __stop_sdh_ble_observers = __sdh_ble_observers_end__
                0x000000000002c4fc                __sdh_ble_observers_load_end__ = __sdh_ble_observers_end__
                0x0000000000000001                . = ASSERT (((__sdh_ble_observers_start__ == __sdh_ble_observers_end__) || ((__sdh_ble_observers_end__ - __FLASH_segment_start__) <= __FLASH_segment_size__)), error: .sdh_ble_observers is too large to fit in FLASH memory segment)
                0x000000000002c4fc                __log_backends_load_start__ = ALIGN (__sdh_ble_observers_end__, 0x4)

.log_backends   0x000000000002c4fc       0x10
                0x000000000002c4fc                __log_backends_start__ = .
                0x000000000002c4fc                __start_log_backends = __log_backends_start__
 *(SORT_BY_NAME(.log_backends*))
 .log_backends  0x000000000002c4fc       0x10 Output/Release/Obj/ble_app_uart_c_pca10056_s140/nrf_log_default_backends.o
                0x000000000002c50c                __log_backends_end__ = (__log_backends_start__ + SIZEOF (.log_backends))
                0x0000000000000010                __log_backends_size__ = SIZEOF (.log_backends)
                0x000000000002c50c                __stop_log_backends = __log_backends_end__
                0x000000000002c50c                __log_backends_load_end__ = __log_backends_end__
                0x0000000000000001                . = ASSERT (((__log_backends_start__ == __log_backends_end__) || ((__log_backends_end__ - __FLASH_segment_start__) <= __FLASH_segment_size__)), error: .log_backends is too large to fit in FLASH memory segment)
                0x000000000002c50c                __nrf_sections_load_start__ = ALIGN (__log_backends_end__, 0x4)

.nrf_sections   0x000000000002c50c        0x0
                0x000000000002c50c                __nrf_sections_start__ = .
                0x000000000002c50c                __start_nrf_sections = __nrf_sections_start__
 *(.nrf_sections .nrf_sections.*)
                0x000000000002c50c                __nrf_sections_end__ = (__nrf_sections_start__ + SIZEOF (.nrf_sections))
                0x0000000000000000                __nrf_sections_size__ = SIZEOF (.nrf_sections)
                0x000000000002c50c                __nrf_sections_load_end__ = __nrf_sections_end__
                0x0000000000000001                . = ASSERT (((__nrf_sections_start__ == __nrf_sections_end__) || ((__nrf_sections_end__ - __FLASH_segment_start__) <= __FLASH_segment_size__)), error: .nrf_sections is too large to fit in FLASH memory segment)
                0x000000000002c50c                __log_dynamic_data_load_start__ = ALIGN (__nrf_sections_end__, 0x4)

.log_dynamic_data
                0x00000000200029e0        0x0 load address 0x000000000002c50c
                0x00000000200029e0                __log_dynamic_data_start__ = .
 *(SORT_BY_NAME(.log_dynamic_data*))
                0x00000000200029e0                __log_dynamic_data_end__ = (__log_dynamic_data_start__ + SIZEOF (.log_dynamic_data))
                0x0000000000000000                __log_dynamic_data_size__ = SIZEOF (.log_dynamic_data)
                0x000000000002c50c                __log_dynamic_data_load_end__ = (__log_dynamic_data_load_start__ + SIZEOF (.log_dynamic_data))
                0x0000000000000001                . = ASSERT (((__log_dynamic_data_load_start__ == __log_dynamic_data_load_end__) || ((__log_dynamic_data_load_end__ - __FLASH_segment_start__) <= __FLASH_segment_size__)), error: .log_dynamic_data is too large to fit in FLASH memory segment)

.log_dynamic_data_run
                0x00000000200029e0        0x0
                0x00000000200029e0                __log_dynamic_data_run_start__ = .
                0x00000000200029e0                __start_log_dynamic_data = __log_dynamic_data_run_start__
                0x00000000200029e0                . = MAX ((__log_dynamic_data_run_start__ + SIZEOF (.log_dynamic_data)), .)
                0x00000000200029e0                __log_dynamic_data_run_end__ = (__log_dynamic_data_run_start__ + SIZEOF (.log_dynamic_data_run))
                0x0000000000000000                __log_dynamic_data_run_size__ = SIZEOF (.log_dynamic_data_run)
                0x00000000200029e0                __stop_log_dynamic_data = __log_dynamic_data_run_end__
                0x00000000200029e0                __log_dynamic_data_run_load_end__ = __log_dynamic_data_run_end__
                0x0000000000000001                . = ASSERT (((__log_dynamic_data_run_start__ == __log_dynamic_data_run_end__) || ((__log_dynamic_data_run_end__ - __RAM_segment_start__) <= __RAM_segment_size__)), error: .log_dynamic_data_run is too large to fit in RAM memory segment)
                0x000000000002c50c                __log_filter_data_load_start__ = ALIGN ((__log_dynamic_data_load_start__ + SIZEOF (.log_dynamic_data)), 0x4)

.log_filter_data
                0x00000000200029e0        0x0 load address 0x000000000002c50c
                0x00000000200029e0                __log_filter_data_start__ = .
 *(SORT_BY_NAME(.log_filter_data*))
                0x00000000200029e0                __log_filter_data_end__ = (__log_filter_data_start__ + SIZEOF (.log_filter_data))
                0x0000000000000000                __log_filter_data_size__ = SIZEOF (.log_filter_data)
                0x000000000002c50c                __log_filter_data_load_end__ = (__log_filter_data_load_start__ + SIZEOF (.log_filter_data))
                0x0000000000000001                . = ASSERT (((__log_filter_data_load_start__ == __log_filter_data_load_end__) || ((__log_filter_data_load_end__ - __FLASH_segment_start__) <= __FLASH_segment_size__)), error: .log_filter_data is too large to fit in FLASH memory segment)

.log_filter_data_run
                0x00000000200029e0        0x0
                0x00000000200029e0                __log_filter_data_run_start__ = .
                0x00000000200029e0                __start_log_filter_data = __log_filter_data_run_start__
                0x00000000200029e0                . = MAX ((__log_filter_data_run_start__ + SIZEOF (.log_filter_data)), .)
                0x00000000200029e0                __log_filter_data_run_end__ = (__log_filter_data_run_start__ + SIZEOF (.log_filter_data_run))
                0x0000000000000000                __log_filter_data_run_size__ = SIZEOF (.log_filter_data_run)
                0x00000000200029e0                __stop_log_filter_data = __log_filter_data_run_end__
                0x00000000200029e0                __log_filter_data_run_load_end__ = __log_filter_data_run_end__
                0x0000000000000001                . = ASSERT (((__log_filter_data_run_start__ == __log_filter_data_run_end__) || ((__log_filter_data_run_end__ - __RAM_segment_start__) <= __RAM_segment_size__)), error: .log_filter_data_run is too large to fit in RAM memory segment)
                0x000000000002c50c                __cli_sorted_cmd_ptrs_load_start__ = ALIGN ((__log_filter_data_load_start__ + SIZEOF (.log_filter_data)), 0x4)

.cli_sorted_cmd_ptrs
                0x00000000200029e0        0x0 load address 0x000000000002c50c
                0x00000000200029e0                __cli_sorted_cmd_ptrs_start__ = .
 *(.cli_sorted_cmd_ptrs*)
                0x00000000200029e0                __cli_sorted_cmd_ptrs_end__ = (__cli_sorted_cmd_ptrs_start__ + SIZEOF (.cli_sorted_cmd_ptrs))
                0x0000000000000000                __cli_sorted_cmd_ptrs_size__ = SIZEOF (.cli_sorted_cmd_ptrs)
                0x000000000002c50c                __cli_sorted_cmd_ptrs_load_end__ = (__cli_sorted_cmd_ptrs_load_start__ + SIZEOF (.cli_sorted_cmd_ptrs))
                0x0000000000000001                . = ASSERT (((__cli_sorted_cmd_ptrs_load_start__ == __cli_sorted_cmd_ptrs_load_end__) || ((__cli_sorted_cmd_ptrs_load_end__ - __FLASH_segment_start__) <= __FLASH_segment_size__)), error: .cli_sorted_cmd_ptrs is too large to fit in FLASH memory segment)

.cli_sorted_cmd_ptrs_run
                0x00000000200029e0        0x0
                0x00000000200029e0                __cli_sorted_cmd_ptrs_run_start__ = .
                0x00000000200029e0                __start_cli_sorted_cmd_ptrs = __cli_sorted_cmd_ptrs_run_start__
                0x00000000200029e0                . = MAX ((__cli_sorted_cmd_ptrs_run_start__ + SIZEOF (.cli_sorted_cmd_ptrs)), .)
                0x00000000200029e0                __cli_sorted_cmd_ptrs_run_end__ = (__cli_sorted_cmd_ptrs_run_start__ + SIZEOF (.cli_sorted_cmd_ptrs_run))
                0x0000000000000000                __cli_sorted_cmd_ptrs_run_size__ = SIZEOF (.cli_sorted_cmd_ptrs_run)
                0x00000000200029e0                __stop_cli_sorted_cmd_ptrs = __cli_sorted_cmd_ptrs_run_end__
                0x00000000200029e0                __cli_sorted_cmd_ptrs_run_load_end__ = __cli_sorted_cmd_ptrs_run_end__
                0x0000000000000001                . = ASSERT (((__cli_sorted_cmd_ptrs_run_start__ == __cli_sorted_cmd_ptrs_run_end__) || ((__cli_sorted_cmd_ptrs_run_end__ - __RAM_segment_start__) <= __RAM_segment_size__)), error: .cli_sorted_cmd_ptrs_run is too large to fit in RAM memory segment)
                0x000000000002c50c                __fs_data_load_start__ = ALIGN ((__cli_sorted_cmd_ptrs_load_start__ + SIZEOF (.cli_sorted_cmd_ptrs)), 0x4)

.fs_data        0x00000000200029e0        0x0 load address 0x000000000002c50c
                0x00000000200029e0                __fs_data_start__ = .
 *(.fs_data*)
                0x00000000200029e0                __fs_data_end__ = (__fs_data_start__ + SIZEOF (.fs_data))
                0x0000000000000000                __fs_data_size__ = SIZEOF (.fs_data)
                0x000000000002c50c                __fs_data_load_end__ = (__fs_data_load_start__ + SIZEOF (.fs_data))
                0x0000000000000001                . = ASSERT (((__fs_data_load_start__ == __fs_data_load_end__) || ((__fs_data_load_end__ - __FLASH_segment_start__) <= __FLASH_segment_size__)), error: .fs_data is too large to fit in FLASH memory segment)

.fs_data_run    0x00000000200029e0        0x0
                0x00000000200029e0                __fs_data_run_start__ = .
                0x00000000200029e0                __start_fs_data = __fs_data_run_start__
                0x00000000200029e0                . = MAX ((__fs_data_run_start__ + SIZEOF (.fs_data)), .)
                0x00000000200029e0                __fs_data_run_end__ = (__fs_data_run_start__ + SIZEOF (.fs_data_run))
                0x0000000000000000                __fs_data_run_size__ = SIZEOF (.fs_data_run)
                0x00000000200029e0                __stop_fs_data = __fs_data_run_end__
                0x00000000200029e0                __fs_data_run_load_end__ = __fs_data_run_end__
                0x0000000000000001                . = ASSERT (((__fs_data_run_start__ == __fs_data_run_end__) || ((__fs_data_run_end__ - __RAM_segment_start__) <= __RAM_segment_size__)), error: .fs_data_run is too large to fit in RAM memory segment)
                0x00000000200029e0                __nrf_sections_run_end_load_start__ = ALIGN (__fs_data_run_end__, 0x4)

.nrf_sections_run_end
                0x00000000200029e0        0x0
                0x00000000200029e0                __nrf_sections_run_end_start__ = .
                0x00000000200029e0                __end_nrf_sections_run = __nrf_sections_run_end_start__
 *(.nrf_sections_run_end .nrf_sections_run_end.*)
                0x00000000200029e0                __nrf_sections_run_end_end__ = (__nrf_sections_run_end_start__ + SIZEOF (.nrf_sections_run_end))
                0x0000000000000000                __nrf_sections_run_end_size__ = SIZEOF (.nrf_sections_run_end)
                0x00000000200029e0                __nrf_sections_run_end_load_end__ = __nrf_sections_run_end_end__
                0x0000000000000001                . = ASSERT (((__nrf_sections_run_end_start__ == __nrf_sections_run_end_end__) || ((__nrf_sections_run_end_end__ - __RAM_segment_start__) <= __RAM_segment_size__)), error: .nrf_sections_run_end is too large to fit in RAM memory segment)
                0x000000000002c50c                __dtors_load_start__ = ALIGN ((__fs_data_load_start__ + SIZEOF (.fs_data)), 0x4)

.dtors          0x000000000002c50c        0x0
                0x000000000002c50c                __dtors_start__ = .
 *(SORT_BY_NAME(.dtors.*))
 *(.dtors)
 *(.fini_array)
 *(SORT_BY_NAME(.fini_array.*))
                0x000000000002c50c                __dtors_end__ = (__dtors_start__ + SIZEOF (.dtors))
                0x0000000000000000                __dtors_size__ = SIZEOF (.dtors)
                0x000000000002c50c                __dtors_load_end__ = __dtors_end__
                0x0000000000000001                . = ASSERT (((__dtors_start__ == __dtors_end__) || ((__dtors_end__ - __FLASH_segment_start__) <= __FLASH_segment_size__)), error: .dtors is too large to fit in FLASH memory segment)
                0x000000000002c50c                __ctors_load_start__ = ALIGN (__dtors_end__, 0x4)

.ctors          0x000000000002c50c        0x0
                0x000000000002c50c                __ctors_start__ = .
 *(SORT_BY_NAME(.ctors.*))
 *(.ctors)
 *(.init_array)
 *(SORT_BY_NAME(.init_array.*))
                0x000000000002c50c                __ctors_end__ = (__ctors_start__ + SIZEOF (.ctors))
                0x0000000000000000                __ctors_size__ = SIZEOF (.ctors)
                0x000000000002c50c                __ctors_load_end__ = __ctors_end__